<./scripts/run_full_replay.sh> apex lib already loaded
<./scripts/run_full_replay.sh> apex not yet in include path. adding...
~/.rootrc file does not exit. making it:
Run 4015 --- 1 raw files found. 6.878 GB of associated raw data. submitted
Run 4016 --- 1 raw files found. 5.176 GB of associated raw data. submitted
Run 4017 --- 1 raw files found. 4.997 GB of associated raw data. submitted
Run 4018 --- 1 raw files found. 5.529 GB of associated raw data. submitted
Run 4019 --- 1 raw files found. 3.344 GB of associated raw data. submitted
Run 4020 --- 1 raw files found. 3.922 GB of associated raw data. submitted
Run 4021 --- 1 raw files found. 4.572 GB of associated raw data. submitted
Run 4022 --- 1 raw files found. 3.567 GB of associated raw data. submitted
Run 4023 --- 1 raw files found. 3.432 GB of associated raw data. submitted
Run 4024 --- 1 raw files found. 3.782 GB of associated raw data. submitted
Run 4025 --- 1 raw files found. 3.679 GB of associated raw data. submitted
Run 4026 --- 1 raw files found. 3.444 GB of associated raw data. submitted
Run 4027 --- 1 raw files found. 3.406 GB of associated raw data. submitted
Run 4028 --- 1 raw files found. 3.445 GB of associated raw data. submitted
Run 4029 --- 1 raw files found. 3.342 GB of associated raw data. submitted
Run 4030 --- 1 raw files found. 6.072 GB of associated raw data. submitted
Run 4031 --- 1 raw files found. 3.327 GB of associated raw data. submitted
Run 4032 --- 1 raw files found. 3.333 GB of associated raw data. submitted
Run 4033 --- 1 raw files found. 3.325 GB of associated raw data. submitted
Run 4034 --- 1 raw files found. .458 GB of associated raw data. submitted
Run 4035 --- 1 raw files found. 2.823 GB of associated raw data. submitted
Run 4036 --- 1 raw files found. less than 1 MB associated raw data.. skipped
Run 4037 --- 1 raw files found. .495 GB of associated raw data. submitted
Run 4038 --- 1 raw files found. .494 GB of associated raw data. submitted
Run 4039 --- 1 raw files found. 3.366 GB of associated raw data. submitted
Run 4040 --- 1 raw files found. 3.332 GB of associated raw data. submitted
Run 4041 --- 1 raw files found. .499 GB of associated raw data. submitted
Run 4042 --- 1 raw files found. 3.621 GB of associated raw data. submitted
Run 4043 --- 1 raw files found. 2.873 GB of associated raw data. submitted
Run 4044 --- 1 raw files found. 3.204 GB of associated raw data. submitted
Run 4045 --- 1 raw files found. 3.232 GB of associated raw data. submitted
Run 4046 --- 1 raw files found. 3.285 GB of associated raw data. submitted
Run 4047 --- 1 raw files found. 3.354 GB of associated raw data. submitted
Run 4048 --- 1 raw files found. 2.580 GB of associated raw data. submitted
Run 4049 --- 1 raw files found. .119 GB of associated raw data. submitted
Run 4050 --- 1 raw files found. .004 GB of associated raw data. submitted
Run 4051 --- 1 raw files found. .325 GB of associated raw data. submitted
Run 4052 --- 1 raw files found. 3.337 GB of associated raw data. submitted
Run 4053 --- 1 raw files found. 3.356 GB of associated raw data. submitted
Run 4054 --- 1 raw files found. 3.352 GB of associated raw data. submitted
Run 4055 --- 1 raw files found. 3.325 GB of associated raw data. submitted
Run 4056 --- 1 raw files found. 3.371 GB of associated raw data. submitted
Run 4057 --- 1 raw files found. 3.334 GB of associated raw data. submitted
Run 4058 --- 1 raw files found. 6.321 GB of associated raw data. submitted
Run 4059 --- 1 raw files found. .261 GB of associated raw data. submitted
Run 4060 --- 1 raw files found. 1.044 GB of associated raw data. submitted
Run 4061 --- 1 raw files found. 10.004 GB of associated raw data. submitted
Run 4062 --- 1 raw files found. .761 GB of associated raw data. submitted
Run 4063 --- 1 raw files found. less than 1 MB associated raw data.. skipped
Run 4064 --- 1 raw files found. .452 GB of associated raw data. submitted
Run 4065 --- 1 raw files found. .477 GB of associated raw data. submitted
Run 4066 --- 1 raw files found. .699 GB of associated raw data. submitted
Run 4067 --- 1 raw files found. .585 GB of associated raw data. submitted
Run 4068 --- 1 raw files found. 1.351 GB of associated raw data. submitted
Run 4069 --- 1 raw files found. .831 GB of associated raw data. submitted
Run 4070 --- 1 raw files found. .875 GB of associated raw data. submitted
Run 4071 --- 1 raw files found. .374 GB of associated raw data. submitted
Run 4072 --- 1 raw files found. .143 GB of associated raw data. submitted
Run 4073 --- 1 raw files found. 10.548 GB of associated raw data. submitted
Run 4074 --- 1 raw files found. 13.098 GB of associated raw data. submitted
Run 4075 --- 1 raw files found. 5.736 GB of associated raw data. submitted
Run 4076 --- 1 raw files found. 10.410 GB of associated raw data. submitted
Run 4077 --- 1 raw files found. 10.467 GB of associated raw data. submitted
Run 4078 --- 1 raw files found. 10.186 GB of associated raw data. submitted
Run 4079 --- 1 raw files found. 10.347 GB of associated raw data. submitted
Run 4080 --- 1 raw files found. 10.345 GB of associated raw data. submitted
Run 4081 --- 1 raw files found. 10.245 GB of associated raw data. submitted
Run 4082 --- 1 raw files found. 10.189 GB of associated raw data. submitted
Run 4083 --- 1 raw files found. 4.531 GB of associated raw data. submitted
Run 4084 --- 1 raw files found. less than 1 MB associated raw data.. skipped
Run 4085 --- 1 raw files found. .004 GB of associated raw data. submitted
Run 4086 --- 1 raw files found. .599 GB of associated raw data. submitted
Run 4087 --- 1 raw files found. .596 GB of associated raw data. submitted
Run 4088 --- 1 raw files found. less than 1 MB associated raw data.. skipped
Run 4089 --- 1 raw files found. .187 GB of associated raw data. submitted
Run 4090 --- 1 raw files found. less than 1 MB associated raw data.. skipped
Run 4091 --- 1 raw files found. .561 GB of associated raw data. submitted
Run 4092 --- 1 raw files found. .017 GB of associated raw data. submitted
Run 4093 --- 1 raw files found. .052 GB of associated raw data. submitted
Run 4094 --- 1 raw files found. .139 GB of associated raw data. submitted
Run 4095 --- 1 raw files found. .065 GB of associated raw data. submitted
Run 4096 --- 1 raw files found. less than 1 MB associated raw data.. skipped
Run 4097 --- 1 raw files found. .057 GB of associated raw data. submitted
Run 4098 --- 1 raw files found. .008 GB of associated raw data. submitted
Run 4099 --- 1 raw files found. .015 GB of associated raw data. submitted
Run 4100 --- 1 raw files found. .015 GB of associated raw data. submitted
Run 4101 --- 1 raw files found. less than 1 MB associated raw data.. skipped
Run 4102 --- 1 raw files found. less than 1 MB associated raw data.. skipped
Run 4103 --- 1 raw files found. .151 GB of associated raw data. submitted
Run 4104 --- 1 raw files found. .029 GB of associated raw data. submitted
Run 4105 --- 1 raw files found. .010 GB of associated raw data. submitted
Run 4106 --- 1 raw files found. .020 GB of associated raw data. submitted
Run 4107 --- 1 raw files found. less than 1 MB associated raw data.. skipped
Run 4108 --- 1 raw files found. .062 GB of associated raw data. submitted
Run 4109 --- 1 raw files found. less than 1 MB associated raw data.. skipped
Run 4110 --- 1 raw files found. less than 1 MB associated raw data.. skipped
Run 4111 --- 1 raw files found. .109 GB of associated raw data. submitted
Run 4112 --- 1 raw files found. .150 GB of associated raw data. submitted
Run 4113 --- 1 raw files found. .012 GB of associated raw data. submitted
Run 4114 --- 1 raw files found. .008 GB of associated raw data. submitted
Run 4115 --- 1 raw files found. .017 GB of associated raw data. submitted
Run 4116 --- 1 raw files found. less than 1 MB associated raw data.. skipped
Run 4117 --- 1 raw files found. less than 1 MB associated raw data.. skipped
Run 4118 --- 1 raw files found. .497 GB of associated raw data. submitted
Run 4119 --- 1 raw files found. .294 GB of associated raw data. submitted
Run 4120 --- 1 raw files found. .094 GB of associated raw data. submitted
Run 4121 --- 1 raw files found. .261 GB of associated raw data. submitted
Run 4122 --- 1 raw files found. .110 GB of associated raw data. submitted
Run 4123 --- 1 raw files found. .106 GB of associated raw data. submitted
Run 4124 --- 1 raw files found. .243 GB of associated raw data. submitted
Run 4125 --- 1 raw files found. .156 GB of associated raw data. submitted
Run 4126 --- 1 raw files found. less than 1 MB associated raw data.. skipped
Run 4127 --- 1 raw files found. less than 1 MB associated raw data.. skipped
Run 4128 --- 1 raw files found. less than 1 MB associated raw data.. skipped
Run 4129 --- 1 raw files found. .022 GB of associated raw data. submitted
Run 4130 --- 1 raw files found. .122 GB of associated raw data. submitted
Run 4131 --- 1 raw files found. .075 GB of associated raw data. submitted
Run 4132 --- 1 raw files found. .087 GB of associated raw data. submitted
Run 4133 --- 3 raw files found. 3.471 GB of associated raw data. submitted
Run 4134 --- 1 raw files found. .155 GB of associated raw data. submitted
Run 4135 --- 1 raw files found. .142 GB of associated raw data. submitted
Run 4136 --- 1 raw files found. .014 GB of associated raw data. submitted
Run 4137 --- 1 raw files found. .410 GB of associated raw data. submitted
Run 4138 --- 1 raw files found. .490 GB of associated raw data. submitted
Run 4139 --- 1 raw files found. .547 GB of associated raw data. submitted
Run 4140 --- 1 raw files found. .065 GB of associated raw data. submitted
Run 4141 --- 1 raw files found. .116 GB of associated raw data. submitted
Run 4142 --- 1 raw files found. .593 GB of associated raw data. submitted
Run 4143 --- 1 raw files found. .084 GB of associated raw data. submitted
Run 4144 --- 1 raw files found. .644 GB of associated raw data. submitted
Run 4145 --- 1 raw files found. .037 GB of associated raw data. submitted
Run 4146 --- 1 raw files found. .045 GB of associated raw data. submitted
Run 4147 --- 2 raw files found. 1.870 GB of associated raw data. submitted
Run 4148 --- 1 raw files found. .537 GB of associated raw data. submitted
Run 4149 --- 1 raw files found. .109 GB of associated raw data. submitted
Run 4150 --- 1 raw files found. .046 GB of associated raw data. submitted
Run 4151 --- 1 raw files found. .019 GB of associated raw data. submitted
Run 4152 --- 1 raw files found. .035 GB of associated raw data. submitted
Run 4153 --- 1 raw files found. .284 GB of associated raw data. submitted
Run 4154 --- 1 raw files found. .910 GB of associated raw data. submitted
Run 4155 --- 4 raw files found. 5.618 GB of associated raw data. submitted
Run 4156 --- 2 raw files found. 2.211 GB of associated raw data. submitted
Run 4157 --- 44 raw files found. 63.440 GB of associated raw data. submitted
Run 4158 --- 1 raw files found. 1.375 GB of associated raw data. submitted
Run 4159 --- 1 raw files found. .180 GB of associated raw data. submitted
Run 4160 --- 17 raw files found. 23.637 GB of associated raw data. submitted
Run 4161 --- 2 raw files found. 2.764 GB of associated raw data. submitted
Run 4162 --- 53 raw files found. 77.562 GB of associated raw data. submitted
Run 4163 --- 7 raw files found. 9.990 GB of associated raw data. submitted
Run 4164 --- 33 raw files found. 48.279 GB of associated raw data. submitted
Run 4165 --- 1 raw files found. .051 GB of associated raw data. submitted
Run 4166 --- 2 raw files found. 2.584 GB of associated raw data. submitted
Run 4167 --- 1 raw files found. less than 1 MB associated raw data.. skipped
Run 4168 --- 10 raw files found. 15.165 GB of associated raw data. submitted
Run 4169 --- 1 raw files found. .051 GB of associated raw data. submitted
Run 4170 --- 2 raw files found. 1.943 GB of associated raw data. submitted
Run 4171 --- 3 raw files found. 3.696 GB of associated raw data. submitted
Run 4172 --- 5 raw files found. 6.854 GB of associated raw data. submitted
Run 4173 --- 1 raw files found. .202 GB of associated raw data. submitted
Run 4174 --- 1 raw files found. less than 1 MB associated raw data.. skipped
Run 4175 --- 1 raw files found. less than 1 MB associated raw data.. skipped
Run 4176 --- 2 raw files found. 1.841 GB of associated raw data. submitted
Run 4177 --- 6 raw files found. 7.709 GB of associated raw data. submitted
Run 4178 --- 1 raw files found. 1.399 GB of associated raw data. submitted
Run 4179 --- 4 raw files found. 5.214 GB of associated raw data. submitted
Run 4180 --- 1 raw files found. 1.426 GB of associated raw data. submitted
Run 4181 --- 4 raw files found. 4.679 GB of associated raw data. submitted
Run 4182 --- 1 raw files found. less than 1 MB associated raw data.. skipped
Run 4183 --- 1 raw files found. .056 GB of associated raw data. submitted
Run 4184 --- 5 raw files found. 6.343 GB of associated raw data. submitted
Run 4185 --- 7 raw files found. 9.175 GB of associated raw data. submitted
Run 4186 --- 3 raw files found. 4.065 GB of associated raw data. submitted
Run 4187 --- 3 raw files found. 4.124 GB of associated raw data. submitted
Run 4188 --- 13 raw files found. 19.017 GB of associated raw data. submitted
Run 4189 --- 4 raw files found. 5.213 GB of associated raw data. submitted
Run 4190 --- 9 raw files found. 12.897 GB of associated raw data. submitted
Run 4191 --- 4 raw files found. 4.772 GB of associated raw data. submitted
Run 4192 --- 1 raw files found. .014 GB of associated raw data. submitted
Run 4193 --- 1 raw files found. .575 GB of associated raw data. submitted
Run 4194 --- 1 raw files found. .310 GB of associated raw data. submitted
Run 4195 --- 4 raw files found. 4.606 GB of associated raw data. submitted
Run 4196 --- 4 raw files found. 5.452 GB of associated raw data. submitted
Run 4197 --- 5 raw files found. 7.277 GB of associated raw data. submitted
Run 4198 --- 1 raw files found. .421 GB of associated raw data. submitted
Run 4199 --- 6 raw files found. 7.890 GB of associated raw data. submitted
Run 4200 --- 9 raw files found. 13.128 GB of associated raw data. submitted
Run 4201 --- 10 raw files found. 13.435 GB of associated raw data. submitted
Run 4202 --- 9 raw files found. 12.996 GB of associated raw data. submitted
Run 4203 --- 10 raw files found. 13.963 GB of associated raw data. submitted
Run 4204 --- 9 raw files found. 13.042 GB of associated raw data. submitted
Run 4205 --- 15 raw files found. 21.419 GB of associated raw data. submitted
Run 4206 --- 16 raw files found. 23.429 GB of associated raw data. submitted
Run 4207 --- 16 raw files found. 23.501 GB of associated raw data. submitted
Run 4208 --- 13 raw files found. 18.899 GB of associated raw data. submitted
Run 4209 --- 10 raw files found. 14.691 GB of associated raw data. submitted
Run 4210 --- 11 raw files found. 15.912 GB of associated raw data. submitted
Run 4211 --- 10 raw files found. 14.177 GB of associated raw data. submitted
Run 4212 --- 10 raw files found. 14.688 GB of associated raw data. submitted
Run 4213 --- 10 raw files found. 13.831 GB of associated raw data. submitted
Run 4214 --- 10 raw files found. 13.370 GB of associated raw data. submitted
Run 4215 --- 11 raw files found. 15.649 GB of associated raw data. submitted
Run 4216 --- 10 raw files found. 14.471 GB of associated raw data. submitted
Run 4217 --- 10 raw files found. 14.360 GB of associated raw data. submitted
Run 4218 --- 10 raw files found. 13.530 GB of associated raw data. submitted
Run 4219 --- 10 raw files found. 14.448 GB of associated raw data. submitted
Run 4220 --- 10 raw files found. 13.456 GB of associated raw data. submitted
Run 4221 --- 1 raw files found. .056 GB of associated raw data. submitted
Run 4222 --- 2 raw files found. 1.745 GB of associated raw data. submitted
Run 4223 --- 1 raw files found. 1.500 GB of associated raw data. submitted
Run 4224 --- 3 raw files found. 3.493 GB of associated raw data. submitted
Run 4225 --- 9 raw files found. 11.746 GB of associated raw data. submitted
Run 4226 --- 11 raw files found. 15.928 GB of associated raw data. submitted
Run 4227 --- 9 raw files found. 12.764 GB of associated raw data. submitted
Run 4228 --- 9 raw files found. 12.747 GB of associated raw data. submitted
Run 4229 --- 10 raw files found. 14.246 GB of associated raw data. submitted
Run 4230 --- 11 raw files found. 14.852 GB of associated raw data. submitted
Run 4231 --- 10 raw files found. 14.186 GB of associated raw data. submitted
Run 4232 --- 9 raw files found. 12.720 GB of associated raw data. submitted
Run 4233 --- 9 raw files found. 12.700 GB of associated raw data. submitted
Run 4234 --- 9 raw files found. 12.906 GB of associated raw data. submitted
Run 4235 --- 10 raw files found. 13.903 GB of associated raw data. submitted
Run 4236 --- 9 raw files found. 12.950 GB of associated raw data. submitted
Run 4237 --- 10 raw files found. 13.048 GB of associated raw data. submitted
Run 4238 --- 9 raw files found. 12.710 GB of associated raw data. submitted
Run 4239 --- 9 raw files found. 12.677 GB of associated raw data. submitted
Run 4240 --- 9 raw files found. 12.696 GB of associated raw data. submitted
Run 4241 --- 9 raw files found. 12.677 GB of associated raw data. submitted
Run 4242 --- 9 raw files found. 12.644 GB of associated raw data. submitted
Run 4243 --- 9 raw files found. 12.720 GB of associated raw data. submitted
Run 4244 --- 9 raw files found. 12.706 GB of associated raw data. submitted
Run 4245 --- 9 raw files found. 12.651 GB of associated raw data. submitted
Run 4246 --- 9 raw files found. 12.665 GB of associated raw data. submitted
Run 4247 --- 9 raw files found. 12.673 GB of associated raw data. submitted
Run 4248 --- 9 raw files found. 12.673 GB of associated raw data. submitted
Run 4249 --- 9 raw files found. 12.645 GB of associated raw data. submitted
Run 4250 --- 10 raw files found. 13.200 GB of associated raw data. submitted
Run 4251 --- 9 raw files found. 12.631 GB of associated raw data. submitted
Run 4252 --- 9 raw files found. 12.717 GB of associated raw data. submitted
Run 4253 --- 7 raw files found. 9.992 GB of associated raw data. submitted
Run 4254 --- 9 raw files found. 12.784 GB of associated raw data. submitted
Run 4255 --- 9 raw files found. 12.628 GB of associated raw data. submitted
Run 4256 --- 9 raw files found. 12.907 GB of associated raw data. submitted
Run 4257 --- 9 raw files found. 12.669 GB of associated raw data. submitted
Run 4258 --- 9 raw files found. 12.604 GB of associated raw data. submitted
Run 4259 --- 10 raw files found. 13.048 GB of associated raw data. submitted
Run 4260 --- 9 raw files found. 12.855 GB of associated raw data. submitted
Run 4261 --- 9 raw files found. 13.047 GB of associated raw data. submitted
Run 4262 --- 9 raw files found. 12.784 GB of associated raw data. submitted
Run 4263 --- 9 raw files found. 13.059 GB of associated raw data. submitted
Run 4264 --- 10 raw files found. 14.095 GB of associated raw data. submitted
Run 4265 --- 10 raw files found. 13.616 GB of associated raw data. submitted
Run 4266 --- 10 raw files found. 13.292 GB of associated raw data. submitted
Run 4267 --- 9 raw files found. 12.717 GB of associated raw data. submitted
Run 4268 --- 9 raw files found. 12.738 GB of associated raw data. submitted
Run 4269 --- 9 raw files found. 12.720 GB of associated raw data. submitted
Run 4270 --- 9 raw files found. 12.676 GB of associated raw data. submitted
Run 4271 --- 9 raw files found. 12.744 GB of associated raw data. submitted
Run 4272 --- 9 raw files found. 12.673 GB of associated raw data. submitted
Run 4273 --- 9 raw files found. 12.746 GB of associated raw data. submitted
Run 4274 --- 9 raw files found. 12.709 GB of associated raw data. submitted
Run 4275 --- 9 raw files found. 12.658 GB of associated raw data. submitted
Run 4276 --- 9 raw files found. 12.720 GB of associated raw data. submitted
Run 4277 --- 10 raw files found. 13.429 GB of associated raw data. submitted
Run 4278 --- 11 raw files found. 15.945 GB of associated raw data. submitted
Run 4279 --- 10 raw files found. 13.389 GB of associated raw data. submitted
Run 4280 --- 9 raw files found. 12.729 GB of associated raw data. submitted
Run 4281 --- 8 raw files found. 10.550 GB of associated raw data. submitted
Run 4282 --- 1 raw files found. less than 1 MB associated raw data.. skipped
Run 4283 --- 1 raw files found. less than 1 MB associated raw data.. skipped
Run 4284 --- 4 raw files found. 5.202 GB of associated raw data. submitted
Run 4285 --- 2 raw files found. 1.811 GB of associated raw data. submitted
Run 4286 --- 1 raw files found. .715 GB of associated raw data. submitted
Run 4287 --- 1 raw files found. .656 GB of associated raw data. submitted
Run 4288 --- 1 raw files found. .773 GB of associated raw data. submitted
Run 4289 --- 10 raw files found. 13.808 GB of associated raw data. submitted
Run 4290 --- 11 raw files found. 15.254 GB of associated raw data. submitted
Run 4291 --- 6 raw files found. 7.856 GB of associated raw data. submitted
Run 4292 --- 9 raw files found. 13.138 GB of associated raw data. submitted
Run 4293 --- 9 raw files found. 13.103 GB of associated raw data. submitted
Run 4294 --- 9 raw files found. 13.194 GB of associated raw data. submitted
Run 4295 --- 10 raw files found. 13.769 GB of associated raw data. submitted
Run 4296 --- 10 raw files found. 13.939 GB of associated raw data. submitted
Run 4297 --- 10 raw files found. 13.859 GB of associated raw data. submitted
Run 4298 --- 9 raw files found. 13.067 GB of associated raw data. submitted
Run 4299 --- 10 raw files found. 13.456 GB of associated raw data. submitted
Run 4300 --- 9 raw files found. 13.074 GB of associated raw data. submitted
Run 4301 --- 9 raw files found. 13.103 GB of associated raw data. submitted
Run 4302 --- 9 raw files found. 13.078 GB of associated raw data. submitted
Run 4303 --- 9 raw files found. 13.153 GB of associated raw data. submitted
Run 4304 --- 9 raw files found. 13.061 GB of associated raw data. submitted
Run 4305 --- 9 raw files found. 13.070 GB of associated raw data. submitted
Run 4306 --- 10 raw files found. 13.480 GB of associated raw data. submitted
Run 4307 --- 10 raw files found. 13.343 GB of associated raw data. submitted
Run 4308 --- 9 raw files found. 13.077 GB of associated raw data. submitted
Run 4309 --- 9 raw files found. 13.071 GB of associated raw data. submitted
Run 4310 --- 12 raw files found. 16.831 GB of associated raw data. submitted
Run 4311 --- 10 raw files found. 13.707 GB of associated raw data. submitted
Run 4312 --- 9 raw files found. 13.198 GB of associated raw data. submitted
Run 4313 --- 9 raw files found. 13.140 GB of associated raw data. submitted
Run 4314 --- 9 raw files found. 13.053 GB of associated raw data. submitted
Run 4315 --- 10 raw files found. 13.324 GB of associated raw data. submitted
Run 4316 --- 9 raw files found. 13.088 GB of associated raw data. submitted
Run 4317 --- 9 raw files found. 13.161 GB of associated raw data. submitted
Run 4318 --- 9 raw files found. 13.086 GB of associated raw data. submitted
Run 4319 --- 9 raw files found. 13.076 GB of associated raw data. submitted
Run 4320 --- 9 raw files found. 13.161 GB of associated raw data. submitted
Run 4321 --- 10 raw files found. 13.954 GB of associated raw data. submitted
Run 4322 --- 10 raw files found. 13.548 GB of associated raw data. submitted
Run 4323 --- 9 raw files found. 13.113 GB of associated raw data. submitted
Run 4324 --- 3 raw files found. 3.243 GB of associated raw data. submitted
Run 4325 --- 9 raw files found. 13.163 GB of associated raw data. submitted
Run 4326 --- 9 raw files found. 13.223 GB of associated raw data. submitted
Run 4327 --- 9 raw files found. 13.150 GB of associated raw data. submitted
Run 4328 --- 9 raw files found. 13.185 GB of associated raw data. submitted
Run 4329 --- 10 raw files found. 13.746 GB of associated raw data. submitted
Run 4330 --- 9 raw files found. 13.159 GB of associated raw data. submitted
Run 4331 --- 9 raw files found. 13.216 GB of associated raw data. submitted
Run 4332 --- 9 raw files found. 13.216 GB of associated raw data. submitted
Run 4333 --- 9 raw files found. 13.189 GB of associated raw data. submitted
Run 4334 --- 9 raw files found. 13.129 GB of associated raw data. submitted
Run 4335 --- 10 raw files found. 13.403 GB of associated raw data. submitted
Run 4336 --- 9 raw files found. 13.129 GB of associated raw data. submitted
Run 4337 --- 9 raw files found. 13.162 GB of associated raw data. submitted
Run 4338 --- 9 raw files found. 13.138 GB of associated raw data. submitted
Run 4339 --- 10 raw files found. 13.261 GB of associated raw data. submitted
Run 4340 --- 9 raw files found. 12.932 GB of associated raw data. submitted
Run 4341 --- 9 raw files found. 12.763 GB of associated raw data. submitted
Run 4342 --- 10 raw files found. 13.252 GB of associated raw data. submitted
Run 4343 --- 10 raw files found. 13.978 GB of associated raw data. submitted
Run 4344 --- 10 raw files found. 13.430 GB of associated raw data. submitted
Run 4345 --- 10 raw files found. 13.230 GB of associated raw data. submitted
Run 4346 --- 10 raw files found. 13.749 GB of associated raw data. submitted
Run 4347 --- 2 raw files found. 2.835 GB of associated raw data. submitted
Run 4348 --- 1 raw files found. .179 GB of associated raw data. submitted
Run 4349 --- 1 raw files found. .240 GB of associated raw data. submitted
Run 4350 --- 10 raw files found. 13.272 GB of associated raw data. submitted
Run 4351 --- 1 raw files found. .010 GB of associated raw data. submitted
Run 4352 --- 1 raw files found. less than 1 MB associated raw data.. skipped
Run 4353 --- 2 raw files found. 2.409 GB of associated raw data. submitted
Run 4354 --- 4 raw files found. 5.075 GB of associated raw data. submitted
Run 4355 --- 1 raw files found. less than 1 MB associated raw data.. skipped
Run 4356 --- 1 raw files found. less than 1 MB associated raw data.. skipped
Run 4357 --- 1 raw files found. less than 1 MB associated raw data.. skipped
Run 4358 --- 2 raw files found. 1.386 GB of associated raw data. submitted
Run 4359 --- 9 raw files found. 12.754 GB of associated raw data. submitted
Run 4360 --- 9 raw files found. 12.775 GB of associated raw data. submitted
Run 4361 --- 10 raw files found. 13.346 GB of associated raw data. submitted
Run 4362 --- 9 raw files found. 12.976 GB of associated raw data. submitted
Run 4363 --- 8 raw files found. 11.029 GB of associated raw data. submitted
Run 4364 --- 1 raw files found. .528 GB of associated raw data. submitted
Run 4365 --- 1 raw files found. .075 GB of associated raw data. submitted
Run 4366 --- 1 raw files found. less than 1 MB associated raw data.. skipped
Run 4367 --- 1 raw files found. .051 GB of associated raw data. submitted
Run 4368 --- 23 raw files found. 34.141 GB of associated raw data. submitted
Run 4369 --- 21 raw files found. 30.579 GB of associated raw data. submitted
Run 4370 --- 1 raw files found. .001 GB of associated raw data. submitted
Run 4371 --- 7 raw files found. 8.810 GB of associated raw data. submitted
Run 4372 --- 2 raw files found. 2.256 GB of associated raw data. submitted
Run 4373 --- 9 raw files found. 13.026 GB of associated raw data. submitted
Run 4374 --- 12 raw files found. 16.098 GB of associated raw data. submitted
Run 4375 --- 9 raw files found. 12.360 GB of associated raw data. submitted
Run 4376 --- 9 raw files found. 12.300 GB of associated raw data. submitted
Run 4377 --- 9 raw files found. 12.510 GB of associated raw data. submitted
Run 4378 --- 10 raw files found. 13.398 GB of associated raw data. submitted
Run 4379 --- 8 raw files found. 11.635 GB of associated raw data. submitted
Run 4380 --- 12 raw files found. 17.255 GB of associated raw data. submitted
Run 4381 --- 9 raw files found. 12.436 GB of associated raw data. submitted
Run 4382 --- 9 raw files found. 12.386 GB of associated raw data. submitted
Run 4383 --- 14 raw files found. 20.382 GB of associated raw data. submitted
Run 4384 --- 9 raw files found. 12.181 GB of associated raw data. submitted
Run 4385 --- 9 raw files found. 12.807 GB of associated raw data. submitted
Run 4386 --- 9 raw files found. 12.912 GB of associated raw data. submitted
Run 4387 --- 9 raw files found. 12.968 GB of associated raw data. submitted
Run 4388 --- 10 raw files found. 13.515 GB of associated raw data. submitted
Run 4389 --- 10 raw files found. 13.497 GB of associated raw data. submitted
Run 4390 --- 10 raw files found. 14.018 GB of associated raw data. submitted
Run 4391 --- 10 raw files found. 13.303 GB of associated raw data. submitted
Run 4392 --- 9 raw files found. 12.831 GB of associated raw data. submitted
Run 4393 --- 10 raw files found. 13.588 GB of associated raw data. submitted
Run 4394 --- 10 raw files found. 14.206 GB of associated raw data. submitted
Run 4395 --- 1 raw files found. less than 1 MB associated raw data.. skipped
Run 4396 --- 10 raw files found. 13.803 GB of associated raw data. submitted
Run 4397 --- 10 raw files found. 14.616 GB of associated raw data. submitted
Run 4398 --- 9 raw files found. 12.967 GB of associated raw data. submitted
Run 4399 --- 9 raw files found. 13.151 GB of associated raw data. submitted
Run 4400 --- 11 raw files found. 14.760 GB of associated raw data. submitted
Run 4401 --- 9 raw files found. 12.880 GB of associated raw data. submitted
Run 4402 --- 10 raw files found. 13.330 GB of associated raw data. submitted
Run 4403 --- 10 raw files found. 13.971 GB of associated raw data. submitted
Run 4404 --- 9 raw files found. 12.895 GB of associated raw data. submitted
Run 4405 --- 9 raw files found. 12.863 GB of associated raw data. submitted
Run 4406 --- 10 raw files found. 14.097 GB of associated raw data. submitted
Run 4407 --- 10 raw files found. 13.482 GB of associated raw data. submitted
Run 4408 --- 5 raw files found. 6.174 GB of associated raw data. submitted
Run 4409 --- 1 raw files found. .062 GB of associated raw data. submitted
Run 4410 --- 1 raw files found. less than 1 MB associated raw data.. skipped
Run 4411 --- 1 raw files found. less than 1 MB associated raw data.. skipped
Run 4412 --- 1 raw files found. less than 1 MB associated raw data.. skipped
Run 4413 --- 1 raw files found. .440 GB of associated raw data. submitted
Run 4414 --- 1 raw files found. less than 1 MB associated raw data.. skipped
Run 4415 --- 3 raw files found. 3.233 GB of associated raw data. submitted
Run 4416 --- 1 raw files found. .560 GB of associated raw data. submitted
Run 4417 --- 1 raw files found. 3.133 GB of associated raw data. submitted
Run 4418 --- 1 raw files found. less than 1 MB associated raw data.. skipped
Run 4419 --- 1 raw files found. .076 GB of associated raw data. submitted
Run 4420 --- 1 raw files found. .214 GB of associated raw data. submitted
Run 4421 --- 1 raw files found. .143 GB of associated raw data. submitted
Run 4422 --- 1 raw files found. .118 GB of associated raw data. submitted
Run 4423 --- 1 raw files found. .645 GB of associated raw data. submitted
Run 4424 --- 10 raw files found. 13.385 GB of associated raw data. submitted
Run 4425 --- 9 raw files found. 13.167 GB of associated raw data. submitted
Run 4426 --- 9 raw files found. 12.680 GB of associated raw data. submitted
Run 4427 --- 9 raw files found. 12.819 GB of associated raw data. submitted
Run 4428 --- 9 raw files found. 12.849 GB of associated raw data. submitted
Run 4429 --- 9 raw files found. 12.824 GB of associated raw data. submitted
Run 4430 --- 9 raw files found. 12.810 GB of associated raw data. submitted
Run 4431 --- 9 raw files found. 12.836 GB of associated raw data. submitted
Run 4432 --- 9 raw files found. 12.815 GB of associated raw data. submitted
Run 4433 --- 9 raw files found. 12.841 GB of associated raw data. submitted
Run 4434 --- 9 raw files found. 12.799 GB of associated raw data. submitted
Run 4435 --- 9 raw files found. 12.801 GB of associated raw data. submitted
Run 4436 --- 9 raw files found. 12.823 GB of associated raw data. submitted
Run 4437 --- 9 raw files found. 12.820 GB of associated raw data. submitted
Run 4438 --- 9 raw files found. 12.849 GB of associated raw data. submitted
Run 4439 --- 9 raw files found. 12.855 GB of associated raw data. submitted
Run 4440 --- 9 raw files found. 12.842 GB of associated raw data. submitted
Run 4441 --- 9 raw files found. 12.961 GB of associated raw data. submitted
Run 4442 --- 11 raw files found. 14.915 GB of associated raw data. submitted
Run 4443 --- 10 raw files found. 14.070 GB of associated raw data. submitted
Run 4444 --- 9 raw files found. 12.871 GB of associated raw data. submitted
Run 4445 --- 10 raw files found. 13.621 GB of associated raw data. submitted
Run 4446 --- 9 raw files found. 13.171 GB of associated raw data. submitted
Run 4447 --- 9 raw files found. 12.852 GB of associated raw data. submitted
Run 4448 --- 9 raw files found. 12.820 GB of associated raw data. submitted
Run 4449 --- 11 raw files found. 15.026 GB of associated raw data. submitted
Run 4450 --- 9 raw files found. 12.506 GB of associated raw data. submitted
Run 4451 --- 11 raw files found. 14.805 GB of associated raw data. submitted
Run 4452 --- 11 raw files found. 14.685 GB of associated raw data. submitted
Run 4453 --- 9 raw files found. 12.931 GB of associated raw data. submitted
Run 4454 --- 9 raw files found. 13.151 GB of associated raw data. submitted
Run 4455 --- 10 raw files found. 14.554 GB of associated raw data. submitted
Run 4456 --- 9 raw files found. 12.870 GB of associated raw data. submitted
Run 4457 --- 10 raw files found. 14.415 GB of associated raw data. submitted
Run 4458 --- 10 raw files found. 14.274 GB of associated raw data. submitted
Run 4459 --- 9 raw files found. 12.719 GB of associated raw data. submitted
Run 4460 --- 9 raw files found. 12.789 GB of associated raw data. submitted
Run 4461 --- 9 raw files found. 12.764 GB of associated raw data. submitted
Run 4462 --- 10 raw files found. 13.459 GB of associated raw data. submitted
Run 4463 --- 10 raw files found. 13.224 GB of associated raw data. submitted
Run 4464 --- 9 raw files found. 12.855 GB of associated raw data. submitted
Run 4465 --- 9 raw files found. 12.802 GB of associated raw data. submitted
Run 4466 --- 10 raw files found. 14.076 GB of associated raw data. submitted
Run 4467 --- 9 raw files found. 12.403 GB of associated raw data. submitted
Run 4468 --- 9 raw files found. 12.168 GB of associated raw data. submitted
Run 4469 --- 9 raw files found. 11.979 GB of associated raw data. submitted
Run 4470 --- 1 raw files found. less than 1 MB associated raw data.. skipped
Run 4471 --- 1 raw files found. less than 1 MB associated raw data.. skipped
Run 4472 --- 1 raw files found. less than 1 MB associated raw data.. skipped
Run 4473 --- 1 raw files found. 9.907 GB of associated raw data. submitted
Run 4474 --- 1 raw files found. 9.883 GB of associated raw data. submitted
Run 4475 --- 1 raw files found. 9.903 GB of associated raw data. submitted
Run 4476 --- 1 raw files found. 9.886 GB of associated raw data. submitted
Run 4477 --- 1 raw files found. 4.900 GB of associated raw data. submitted
Run 4478 --- 1 raw files found. less than 1 MB associated raw data.. skipped
Run 4479 --- 1 raw files found. 5.562 GB of associated raw data. submitted
Run 4480 --- 1 raw files found. .002 GB of associated raw data. submitted
Run 4481 --- 1 raw files found. 3.013 GB of associated raw data. submitted
Run 4482 --- 1 raw files found. 3.027 GB of associated raw data. submitted
Run 4483 --- 1 raw files found. 1.286 GB of associated raw data. submitted
Run 4484 --- 1 raw files found. 2.052 GB of associated raw data. submitted
Run 4485 --- 1 raw files found. .283 GB of associated raw data. submitted
Run 4486 --- 1 raw files found. 2.471 GB of associated raw data. submitted
Run 4487 --- 1 raw files found. 10.081 GB of associated raw data. submitted
Run 4488 --- 1 raw files found. 2.309 GB of associated raw data. submitted
Run 4489 --- 1 raw files found. less than 1 MB associated raw data.. skipped
Run 4490 --- 1 raw files found. less than 1 MB associated raw data.. skipped
Run 4491 --- 1 raw files found. less than 1 MB associated raw data.. skipped
Run 4492 --- 1 raw files found. less than 1 MB associated raw data.. skipped
Run 4493 --- 1 raw files found. less than 1 MB associated raw data.. skipped
Run 4494 --- 1 raw files found. .386 GB of associated raw data. submitted
Run 4495 --- 1 raw files found. 9.882 GB of associated raw data. submitted
Run 4496 --- 1 raw files found. 9.883 GB of associated raw data. submitted
Run 4497 --- 1 raw files found. 10.172 GB of associated raw data. submitted
Run 4498 --- 1 raw files found. 9.882 GB of associated raw data. submitted
Run 4499 --- 1 raw files found. 19.846 GB of associated raw data. submitted
Run 4500 --- 1 raw files found. 9.884 GB of associated raw data. submitted
Submitted batch job 2510169
cmd: 'sbatch  --partition=production --array=4500,4499,4498,4497,4496,4495,4494,4488,4487,4486,4485,4484,4483,4482,4481,4480,4479,4477,4476,4475,4474,4473,4469,4468,4467,4466,4465,4464,4463,4462,4461,4460,4459,4458,4457,4456,4455,4454,4453,4452,4451,4450,4449,4448,4447,4446,4445,4444,4443,4442,4441,4440,4439,4438,4437,4436,4435,4434,4433,4432,4431,4430,4429,4428,4427,4426,4425,4424,4423,4422,4421,4420,4419,4417,4416,4415,4413,4409,4408,4407,4406,4405,4404,4403,4402,4401,4400,4399,4398,4397,4396,4394,4393,4392,4391,4390,4389,4388,4387,4386,4385,4384,4383,4382,4381,4380,4379,4378,4377,4376,4375,4374,4373,4372,4371,4370,4369,4368,4367,4365,4364,4363,4362,4361,4360,4359,4358,4354,4353,4351,4350,4349,4348,4347,4346,4345,4344,4343,4342,4341,4340,4339,4338,4337,4336,4335,4334,4333,4332,4331,4330,4329,4328,4327,4326,4325,4324,4323,4322,4321,4320,4319,4318,4317,4316,4315,4314,4313,4312,4311,4310,4309,4308,4307,4306,4305,4304,4303,4302,4301,4300,4299,4298,4297,4296,4295,4294,4293,4292,4291,4290,4289,4288,4287,4286,4285,4284,4281,4280,4279,4278,4277,4276,4275,4274,4273,4272,4271,4270,4269,4268,4267,4266,4265,4264,4263,4262,4261,4260,4259,4258,4257,4256,4255,4254,4253,4252,4251,4250,4249,4248,4247,4246,4245,4244,4243,4242,4241,4240,4239,4238,4237,4236,4235,4234,4233,4232,4231,4230,4229,4228,4227,4226,4225,4224,4223,4222,4221,4220,4219,4218,4217,4216,4215,4214,4213,4212,4211,4210,4209,4208,4207,4206,4205,4204,4203,4202,4201,4200,4199,4198,4197,4196,4195,4194,4193,4192,4191,4190,4189,4188,4187,4186,4185,4184,4183,4181,4180,4179,4178,4177,4176,4173,4172,4171,4170,4169,4168,4166,4165,4164,4163,4162,4161,4160,4159,4158,4157,4156,4155,4154,4153,4152,4151,4150,4149,4148,4147,4146,4145,4144,4143,4142,4141,4140,4139,4138,4137,4136,4135,4134,4133,4132,4131,4130,4129,4125,4124,4123,4122,4121,4120,4119,4118,4115,4114,4113,4112,4111,4108,4106,4105,4104,4103,4100,4099,4098,4097,4095,4094,4093,4092,4091,4089,4087,4086,4085,4083,4082,4081,4080,4079,4078,4077,4076,4075,4074,4073,4072,4071,4070,4069,4068,4067,4066,4065,4064,4062,4061,4060,4059,4058,4057,4056,4055,4054,4053,4052,4051,4050,4049,4048,4047,4046,4045,4044,4043,4042,4041,4040,4039,4038,4037,4035,4034,4033,4032,4031,4030,4029,4028,4027,4026,4025,4024,4023,4022,4021,4020,4019,4018,4017,4016,4015 --time=240 --job-name=apex_replay_4015_4500 scripts/run-full-replay-array "/volatile/halla/apex/full_replay/production/replay"'
