<./scripts/run_full_replay.sh> apex lib already loaded
<./scripts/run_full_replay.sh> apex not yet in include path. adding...
~/.rootrc file does not exit. making it:
Run 4026 --- 1 raw files found. 3.444 GB of associated raw data. submitted
Run 4027 --- 1 raw files found. 3.406 GB of associated raw data. submitted
Run 4028 --- 1 raw files found. 3.445 GB of associated raw data. submitted
Run 4029 --- 1 raw files found. 3.342 GB of associated raw data. submitted
Run 4030 --- 1 raw files found. 6.072 GB of associated raw data. submitted
Run 4031 --- 1 raw files found. 3.327 GB of associated raw data. submitted
Run 4032 --- 1 raw files found. 3.333 GB of associated raw data. submitted
Run 4033 --- 1 raw files found. 3.325 GB of associated raw data. submitted
Run 4034 --- 1 raw files found. .458 GB of associated raw data. submitted
Run 4035 --- 1 raw files found. 2.823 GB of associated raw data. submitted
Run 4036 --- 1 raw files found. less than 1 MB associated raw data.. skipped
Run 4037 --- 1 raw files found. .495 GB of associated raw data. submitted
Run 4038 --- 1 raw files found. .494 GB of associated raw data. submitted
Run 4039 --- 1 raw files found. 3.366 GB of associated raw data. submitted
Run 4040 --- 1 raw files found. 3.332 GB of associated raw data. submitted
Run 4041 --- 1 raw files found. .499 GB of associated raw data. submitted
Run 4042 --- 1 raw files found. 3.621 GB of associated raw data. submitted
Run 4043 --- 1 raw files found. 2.873 GB of associated raw data. submitted
Run 4044 --- 1 raw files found. 3.204 GB of associated raw data. submitted
Run 4045 --- 1 raw files found. 3.232 GB of associated raw data. submitted
Run 4046 --- 1 raw files found. 3.285 GB of associated raw data. submitted
Run 4047 --- 1 raw files found. 3.354 GB of associated raw data. submitted
Run 4048 --- 1 raw files found. 2.580 GB of associated raw data. submitted
Run 4049 --- 1 raw files found. .119 GB of associated raw data. submitted
Run 4050 --- 1 raw files found. .004 GB of associated raw data. submitted
Run 4051 --- 1 raw files found. .325 GB of associated raw data. submitted
Run 4052 --- 1 raw files found. 3.337 GB of associated raw data. submitted
Run 4053 --- 1 raw files found. 3.356 GB of associated raw data. submitted
Run 4054 --- 1 raw files found. 3.352 GB of associated raw data. submitted
Run 4055 --- 1 raw files found. 3.325 GB of associated raw data. submitted
Run 4056 --- 1 raw files found. 3.371 GB of associated raw data. submitted
Run 4057 --- 1 raw files found. 3.334 GB of associated raw data. submitted
Run 4058 --- 1 raw files found. 6.321 GB of associated raw data. submitted
Run 4059 --- 1 raw files found. .261 GB of associated raw data. submitted
Run 4060 --- 1 raw files found. 1.044 GB of associated raw data. submitted
Run 4061 --- 1 raw files found. 10.004 GB of associated raw data. submitted
Run 4062 --- 1 raw files found. .761 GB of associated raw data. submitted
Run 4063 --- 1 raw files found. less than 1 MB associated raw data.. skipped
Run 4064 --- 1 raw files found. .452 GB of associated raw data. submitted
Run 4065 --- 1 raw files found. .477 GB of associated raw data. submitted
Run 4066 --- 1 raw files found. .699 GB of associated raw data. submitted
Run 4067 --- 1 raw files found. .585 GB of associated raw data. submitted
Run 4068 --- 1 raw files found. 1.351 GB of associated raw data. submitted
Run 4069 --- 1 raw files found. .831 GB of associated raw data. submitted
Run 4070 --- 1 raw files found. .875 GB of associated raw data. submitted
Run 4071 --- 1 raw files found. .374 GB of associated raw data. submitted
Run 4072 --- 1 raw files found. .143 GB of associated raw data. submitted
Run 4073 --- 1 raw files found. 10.548 GB of associated raw data. submitted
Run 4074 --- 1 raw files found. 13.098 GB of associated raw data. submitted
Run 4075 --- 1 raw files found. 5.736 GB of associated raw data. submitted
Run 4076 --- 1 raw files found. 10.410 GB of associated raw data. submitted
Run 4077 --- 1 raw files found. 10.467 GB of associated raw data. submitted
Run 4078 --- 1 raw files found. 10.186 GB of associated raw data. submitted
Run 4079 --- 1 raw files found. 10.347 GB of associated raw data. submitted
Run 4080 --- 1 raw files found. 10.345 GB of associated raw data. submitted
Run 4081 --- 1 raw files found. 10.245 GB of associated raw data. submitted
Run 4082 --- 1 raw files found. 10.189 GB of associated raw data. submitted
Run 4083 --- 1 raw files found. 4.531 GB of associated raw data. submitted
Run 4084 --- 1 raw files found. less than 1 MB associated raw data.. skipped
Run 4085 --- 1 raw files found. .004 GB of associated raw data. submitted
Run 4086 --- 1 raw files found. .599 GB of associated raw data. submitted
Run 4087 --- 1 raw files found. .596 GB of associated raw data. submitted
Run 4088 --- 1 raw files found. less than 1 MB associated raw data.. skipped
Run 4089 --- 1 raw files found. .187 GB of associated raw data. submitted
Run 4090 --- 1 raw files found. less than 1 MB associated raw data.. skipped
Run 4091 --- 1 raw files found. .561 GB of associated raw data. submitted
Run 4092 --- 1 raw files found. .017 GB of associated raw data. submitted
Run 4093 --- 1 raw files found. .052 GB of associated raw data. submitted
Run 4094 --- 1 raw files found. .139 GB of associated raw data. submitted
Run 4095 --- 1 raw files found. .065 GB of associated raw data. submitted
Run 4096 --- 1 raw files found. less than 1 MB associated raw data.. skipped
Run 4097 --- 1 raw files found. .057 GB of associated raw data. submitted
Run 4098 --- 1 raw files found. .008 GB of associated raw data. submitted
Run 4099 --- 1 raw files found. .015 GB of associated raw data. submitted
Run 4100 --- 1 raw files found. .015 GB of associated raw data. submitted
Run 4101 --- 1 raw files found. less than 1 MB associated raw data.. skipped
Run 4102 --- 1 raw files found. less than 1 MB associated raw data.. skipped
Run 4103 --- 1 raw files found. .151 GB of associated raw data. submitted
Run 4104 --- 1 raw files found. .029 GB of associated raw data. submitted
Run 4105 --- 1 raw files found. .010 GB of associated raw data. submitted
Run 4106 --- 1 raw files found. .020 GB of associated raw data. submitted
Run 4107 --- 1 raw files found. less than 1 MB associated raw data.. skipped
Run 4108 --- 1 raw files found. .062 GB of associated raw data. submitted
Run 4109 --- 1 raw files found. less than 1 MB associated raw data.. skipped
Run 4110 --- 1 raw files found. less than 1 MB associated raw data.. skipped
Run 4111 --- 1 raw files found. .109 GB of associated raw data. submitted
Run 4112 --- 1 raw files found. .150 GB of associated raw data. submitted
Run 4113 --- 1 raw files found. .012 GB of associated raw data. submitted
Run 4114 --- 1 raw files found. .008 GB of associated raw data. submitted
Run 4115 --- 1 raw files found. .017 GB of associated raw data. submitted
Run 4116 --- 1 raw files found. less than 1 MB associated raw data.. skipped
Run 4117 --- 1 raw files found. less than 1 MB associated raw data.. skipped
Run 4118 --- 1 raw files found. .497 GB of associated raw data. submitted
Run 4119 --- 1 raw files found. .294 GB of associated raw data. submitted
Run 4120 --- 1 raw files found. .094 GB of associated raw data. submitted
Run 4121 --- 1 raw files found. .261 GB of associated raw data. submitted
Run 4122 --- 1 raw files found. .110 GB of associated raw data. submitted
Run 4123 --- 1 raw files found. .106 GB of associated raw data. submitted
Run 4124 --- 1 raw files found. .243 GB of associated raw data. submitted
Run 4125 --- 1 raw files found. .156 GB of associated raw data. submitted
Run 4126 --- 1 raw files found. less than 1 MB associated raw data.. skipped
Run 4127 --- 1 raw files found. less than 1 MB associated raw data.. skipped
Run 4128 --- 1 raw files found. less than 1 MB associated raw data.. skipped
Run 4129 --- 1 raw files found. .022 GB of associated raw data. submitted
Run 4130 --- 1 raw files found. .122 GB of associated raw data. submitted
Run 4131 --- 1 raw files found. .075 GB of associated raw data. submitted
Run 4132 --- 1 raw files found. .087 GB of associated raw data. submitted
Run 4133 --- 3 raw files found. 3.471 GB of associated raw data. submitted
Run 4134 --- 1 raw files found. .155 GB of associated raw data. submitted
Run 4135 --- 1 raw files found. .142 GB of associated raw data. submitted
Run 4136 --- 1 raw files found. .014 GB of associated raw data. submitted
Run 4137 --- 1 raw files found. .410 GB of associated raw data. submitted
Run 4138 --- 1 raw files found. .490 GB of associated raw data. submitted
Run 4139 --- 1 raw files found. .547 GB of associated raw data. submitted
Run 4140 --- 1 raw files found. .065 GB of associated raw data. submitted
Run 4141 --- 1 raw files found. .116 GB of associated raw data. submitted
Run 4142 --- 1 raw files found. .593 GB of associated raw data. submitted
Run 4143 --- 1 raw files found. .084 GB of associated raw data. submitted
Run 4144 --- 1 raw files found. .644 GB of associated raw data. submitted
Run 4145 --- 1 raw files found. .037 GB of associated raw data. submitted
Run 4146 --- 1 raw files found. .045 GB of associated raw data. submitted
Run 4147 --- 2 raw files found. 1.870 GB of associated raw data. submitted
Run 4148 --- 1 raw files found. .537 GB of associated raw data. submitted
Run 4149 --- 1 raw files found. .109 GB of associated raw data. submitted
Run 4150 --- 1 raw files found. .046 GB of associated raw data. submitted
Run 4151 --- 1 raw files found. .019 GB of associated raw data. submitted
Run 4152 --- 1 raw files found. .035 GB of associated raw data. submitted
Run 4153 --- 1 raw files found. .284 GB of associated raw data. submitted
Run 4154 --- 1 raw files found. .910 GB of associated raw data. submitted
Run 4155 --- 4 raw files found. 5.618 GB of associated raw data. submitted
Run 4156 --- 2 raw files found. 2.211 GB of associated raw data. submitted
Run 4157 --- 44 raw files found. 63.440 GB of associated raw data. submitted
Run 4158 --- 1 raw files found. 1.375 GB of associated raw data. submitted
Run 4159 --- 1 raw files found. .180 GB of associated raw data. submitted
Run 4160 --- 17 raw files found. 23.637 GB of associated raw data. submitted
Run 4161 --- 2 raw files found. 2.764 GB of associated raw data. submitted
Run 4162 --- 53 raw files found. 77.562 GB of associated raw data. submitted
Run 4163 --- 7 raw files found. 9.990 GB of associated raw data. submitted
Run 4164 --- 33 raw files found. 48.279 GB of associated raw data. submitted
Run 4165 --- 1 raw files found. .051 GB of associated raw data. submitted
Run 4166 --- 2 raw files found. 2.584 GB of associated raw data. submitted
Run 4167 --- 1 raw files found. less than 1 MB associated raw data.. skipped
Run 4168 --- 10 raw files found. 15.165 GB of associated raw data. submitted
Run 4169 --- 1 raw files found. .051 GB of associated raw data. submitted
Run 4170 --- 2 raw files found. 1.943 GB of associated raw data. submitted
Run 4171 --- 3 raw files found. 3.696 GB of associated raw data. submitted
Run 4172 --- 5 raw files found. 6.854 GB of associated raw data. submitted
Run 4173 --- 1 raw files found. .202 GB of associated raw data. submitted
Run 4174 --- 1 raw files found. less than 1 MB associated raw data.. skipped
Run 4175 --- 1 raw files found. less than 1 MB associated raw data.. skipped
Run 4176 --- 2 raw files found. 1.841 GB of associated raw data. submitted
Run 4177 --- 6 raw files found. 7.709 GB of associated raw data. submitted
Run 4178 --- 1 raw files found. 1.399 GB of associated raw data. submitted
Run 4179 --- 4 raw files found. 5.214 GB of associated raw data. submitted
Run 4180 --- 1 raw files found. 1.426 GB of associated raw data. submitted
Run 4181 --- 4 raw files found. 4.679 GB of associated raw data. submitted
Run 4182 --- 1 raw files found. less than 1 MB associated raw data.. skipped
Run 4183 --- 1 raw files found. .056 GB of associated raw data. submitted
Run 4184 --- 5 raw files found. 6.343 GB of associated raw data. submitted
Run 4185 --- 7 raw files found. 9.175 GB of associated raw data. submitted
Run 4186 --- 3 raw files found. 4.065 GB of associated raw data. submitted
Run 4187 --- 3 raw files found. 4.124 GB of associated raw data. submitted
Run 4188 --- 13 raw files found. 19.017 GB of associated raw data. submitted
Run 4189 --- 4 raw files found. 5.213 GB of associated raw data. submitted
Run 4190 --- 9 raw files found. 12.897 GB of associated raw data. submitted
Run 4191 --- 4 raw files found. 4.772 GB of associated raw data. submitted
Run 4192 --- 1 raw files found. .014 GB of associated raw data. submitted
Run 4193 --- 1 raw files found. .575 GB of associated raw data. submitted
Run 4194 --- 1 raw files found. .310 GB of associated raw data. submitted
Run 4195 --- 4 raw files found. 4.606 GB of associated raw data. submitted
Run 4196 --- 4 raw files found. 5.452 GB of associated raw data. submitted
Run 4197 --- 5 raw files found. 7.277 GB of associated raw data. submitted
Run 4198 --- 1 raw files found. .421 GB of associated raw data. submitted
Run 4199 --- 6 raw files found. 7.890 GB of associated raw data. submitted
Run 4200 --- 9 raw files found. 13.128 GB of associated raw data. submitted
Submitted batch job 2554359
cmd: 'sbatch  --partition=production --array=4200,4199,4198,4197,4196,4195,4194,4193,4192,4191,4190,4189,4188,4187,4186,4185,4184,4183,4181,4180,4179,4178,4177,4176,4173,4172,4171,4170,4169,4168,4166,4165,4164,4163,4162,4161,4160,4159,4158,4157,4156,4155,4154,4153,4152,4151,4150,4149,4148,4147,4146,4145,4144,4143,4142,4141,4140,4139,4138,4137,4136,4135,4134,4133,4132,4131,4130,4129,4125,4124,4123,4122,4121,4120,4119,4118,4115,4114,4113,4112,4111,4108,4106,4105,4104,4103,4100,4099,4098,4097,4095,4094,4093,4092,4091,4089,4087,4086,4085,4083,4082,4081,4080,4079,4078,4077,4076,4075,4074,4073,4072,4071,4070,4069,4068,4067,4066,4065,4064,4062,4061,4060,4059,4058,4057,4056,4055,4054,4053,4052,4051,4050,4049,4048,4047,4046,4045,4044,4043,4042,4041,4040,4039,4038,4037,4035,4034,4033,4032,4031,4030,4029,4028,4027,4026 --time=240 --job-name=apex_replay_4026_4200 scripts/run-full-replay-array /volatile/halla/apex/full_replay/production/replay'
