<./scripts/run_full_replay.sh> apex lib already loaded
<./scripts/run_full_replay.sh> apex not yet in include path. adding...
~/.rootrc file does not exit. making it:
Run 4501 --- 1 raw files found. 10.024 GB of associated raw data. submitted
Run 4502 --- 1 raw files found. 10.438 GB of associated raw data. submitted
Run 4503 --- 1 raw files found. 9.888 GB of associated raw data. submitted
Run 4504 --- 1 raw files found. 9.890 GB of associated raw data. submitted
Run 4505 --- 1 raw files found. 9.900 GB of associated raw data. submitted
Run 4506 --- 1 raw files found. 9.880 GB of associated raw data. submitted
Run 4507 --- 1 raw files found. 10.242 GB of associated raw data. submitted
Run 4508 --- 1 raw files found. 9.904 GB of associated raw data. submitted
Run 4509 --- 1 raw files found. 9.879 GB of associated raw data. submitted
Run 4510 --- 1 raw files found. 11.192 GB of associated raw data. submitted
Run 4511 --- 1 raw files found. 10.839 GB of associated raw data. submitted
Run 4512 --- 1 raw files found. 13.038 GB of associated raw data. submitted
Run 4513 --- 1 raw files found. 10.377 GB of associated raw data. submitted
Run 4514 --- 1 raw files found. 9.988 GB of associated raw data. submitted
Run 4515 --- 1 raw files found. 10.254 GB of associated raw data. submitted
Run 4516 --- 1 raw files found. 11.207 GB of associated raw data. submitted
Run 4517 --- 1 raw files found. 9.954 GB of associated raw data. submitted
Run 4518 --- 1 raw files found. 9.844 GB of associated raw data. submitted
Run 4519 --- 1 raw files found. 9.905 GB of associated raw data. submitted
Run 4520 --- 1 raw files found. 9.942 GB of associated raw data. submitted
Run 4521 --- 1 raw files found. .823 GB of associated raw data. submitted
Run 4522 --- 1 raw files found. 10.267 GB of associated raw data. submitted
Run 4523 --- 1 raw files found. 9.879 GB of associated raw data. submitted
Run 4524 --- 1 raw files found. 10.156 GB of associated raw data. submitted
Run 4525 --- 1 raw files found. 10.943 GB of associated raw data. submitted
Run 4526 --- 1 raw files found. 10.264 GB of associated raw data. submitted
Run 4527 --- 1 raw files found. 11.053 GB of associated raw data. submitted
Run 4528 --- 1 raw files found. 9.889 GB of associated raw data. submitted
Run 4529 --- 1 raw files found. 10.482 GB of associated raw data. submitted
Run 4530 --- 1 raw files found. 9.919 GB of associated raw data. submitted
Run 4531 --- 1 raw files found. 9.973 GB of associated raw data. submitted
Run 4532 --- 1 raw files found. 9.889 GB of associated raw data. submitted
Run 4533 --- 1 raw files found. 9.884 GB of associated raw data. submitted
Run 4534 --- 1 raw files found. 9.913 GB of associated raw data. submitted
Run 4535 --- 1 raw files found. 9.962 GB of associated raw data. submitted
Run 4536 --- 1 raw files found. .858 GB of associated raw data. submitted
Run 4537 --- 1 raw files found. .218 GB of associated raw data. submitted
Run 4538 --- 1 raw files found. .165 GB of associated raw data. submitted
Run 4539 --- 1 raw files found. 4.654 GB of associated raw data. submitted
Run 4540 --- 1 raw files found. 5.049 GB of associated raw data. submitted
Run 4541 --- 1 raw files found. 2.555 GB of associated raw data. submitted
Run 4542 --- 1 raw files found. 1.018 GB of associated raw data. submitted
Run 4543 --- 1 raw files found. .184 GB of associated raw data. submitted
Run 4544 --- 1 raw files found. 3.591 GB of associated raw data. submitted
Run 4545 --- 1 raw files found. 5.641 GB of associated raw data. submitted
Run 4546 --- 1 raw files found. .016 GB of associated raw data. submitted
Run 4547 --- 1 raw files found. 10.335 GB of associated raw data. submitted
Run 4548 --- 1 raw files found. 9.929 GB of associated raw data. submitted
Run 4549 --- 1 raw files found. 9.883 GB of associated raw data. submitted
Run 4550 --- 1 raw files found. 9.881 GB of associated raw data. submitted
Run 4551 --- 1 raw files found. 9.908 GB of associated raw data. submitted
Run 4552 --- 1 raw files found. 2.606 GB of associated raw data. submitted
Run 4553 --- 1 raw files found. 10.674 GB of associated raw data. submitted
Run 4554 --- 1 raw files found. 10.394 GB of associated raw data. submitted
Run 4555 --- 1 raw files found. 9.916 GB of associated raw data. submitted
Run 4556 --- 1 raw files found. 9.915 GB of associated raw data. submitted
Run 4557 --- 1 raw files found. 9.889 GB of associated raw data. submitted
Run 4558 --- 1 raw files found. 9.884 GB of associated raw data. submitted
Run 4559 --- 1 raw files found. 9.878 GB of associated raw data. submitted
Run 4560 --- 1 raw files found. 9.599 GB of associated raw data. submitted
Run 4561 --- 1 raw files found. 9.860 GB of associated raw data. submitted
Run 4562 --- 1 raw files found. 9.881 GB of associated raw data. submitted
Run 4563 --- 1 raw files found. 9.943 GB of associated raw data. submitted
Run 4564 --- 1 raw files found. 9.875 GB of associated raw data. submitted
Run 4565 --- 1 raw files found. 9.751 GB of associated raw data. submitted
Run 4566 --- 1 raw files found. 9.877 GB of associated raw data. submitted
Run 4567 --- 1 raw files found. 9.873 GB of associated raw data. submitted
Run 4568 --- 1 raw files found. 9.890 GB of associated raw data. submitted
Run 4569 --- 1 raw files found. 9.887 GB of associated raw data. submitted
Run 4570 --- 1 raw files found. 9.887 GB of associated raw data. submitted
Run 4571 --- 1 raw files found. 9.890 GB of associated raw data. submitted
Run 4572 --- 1 raw files found. 9.897 GB of associated raw data. submitted
Run 4573 --- 1 raw files found. 9.911 GB of associated raw data. submitted
Run 4574 --- 1 raw files found. 9.884 GB of associated raw data. submitted
Run 4575 --- 1 raw files found. 2.537 GB of associated raw data. submitted
Run 4576 --- 1 raw files found. .223 GB of associated raw data. submitted
Run 4577 --- 1 raw files found. 9.899 GB of associated raw data. submitted
Run 4578 --- 1 raw files found. 9.919 GB of associated raw data. submitted
Run 4579 --- 1 raw files found. 9.907 GB of associated raw data. submitted
Run 4580 --- 1 raw files found. 10.195 GB of associated raw data. submitted
Run 4581 --- 1 raw files found. 10.460 GB of associated raw data. submitted
Run 4582 --- 1 raw files found. 9.879 GB of associated raw data. submitted
Run 4583 --- 1 raw files found. 10.769 GB of associated raw data. submitted
Run 4584 --- 1 raw files found. 9.895 GB of associated raw data. submitted
Run 4585 --- 1 raw files found. less than 1 MB associated raw data.. skipped
Run 4586 --- 1 raw files found. less than 1 MB associated raw data.. skipped
Run 4587 --- 1 raw files found. less than 1 MB associated raw data.. skipped
Run 4588 --- no raw files. skipped
Run 4589 --- 1 raw files found. less than 1 MB associated raw data.. skipped
Run 4590 --- 1 raw files found. less than 1 MB associated raw data.. skipped
Run 4591 --- 1 raw files found. less than 1 MB associated raw data.. skipped
Run 4592 --- 1 raw files found. less than 1 MB associated raw data.. skipped
Run 4593 --- 1 raw files found. less than 1 MB associated raw data.. skipped
Run 4594 --- 1 raw files found. .636 GB of associated raw data. submitted
Run 4595 --- 1 raw files found. 4.893 GB of associated raw data. submitted
Run 4596 --- 1 raw files found. less than 1 MB associated raw data.. skipped
Run 4597 --- 1 raw files found. less than 1 MB associated raw data.. skipped
Run 4598 --- 1 raw files found. .068 GB of associated raw data. submitted
Run 4599 --- 1 raw files found. .613 GB of associated raw data. submitted
Run 4600 --- 1 raw files found. 4.647 GB of associated raw data. submitted
Run 4601 --- 1 raw files found. 10.411 GB of associated raw data. submitted
Run 4602 --- 1 raw files found. 9.924 GB of associated raw data. submitted
Run 4603 --- 1 raw files found. .414 GB of associated raw data. submitted
Run 4604 --- 1 raw files found. 9.914 GB of associated raw data. submitted
Run 4605 --- 1 raw files found. 8.780 GB of associated raw data. submitted
Run 4606 --- 1 raw files found. .513 GB of associated raw data. submitted
Run 4607 --- 1 raw files found. 9.930 GB of associated raw data. submitted
Run 4608 --- 1 raw files found. 9.996 GB of associated raw data. submitted
Run 4609 --- 1 raw files found. 10.014 GB of associated raw data. submitted
Run 4610 --- 1 raw files found. 9.927 GB of associated raw data. submitted
Run 4611 --- 1 raw files found. 9.927 GB of associated raw data. submitted
Run 4612 --- 1 raw files found. 9.936 GB of associated raw data. submitted
Run 4613 --- 1 raw files found. 9.981 GB of associated raw data. submitted
Run 4614 --- 1 raw files found. 6.012 GB of associated raw data. submitted
Run 4615 --- 1 raw files found. 9.970 GB of associated raw data. submitted
Run 4616 --- 1 raw files found. 9.985 GB of associated raw data. submitted
Run 4617 --- 1 raw files found. 10.100 GB of associated raw data. submitted
Run 4618 --- 1 raw files found. 7.287 GB of associated raw data. submitted
Run 4619 --- 1 raw files found. less than 1 MB associated raw data.. skipped
Run 4620 --- 1 raw files found. .494 GB of associated raw data. submitted
Run 4621 --- 1 raw files found. 12.901 GB of associated raw data. submitted
Run 4622 --- 1 raw files found. 131.184 GB of associated raw data. submitted
Run 4623 --- 1 raw files found. 14.531 GB of associated raw data. submitted
Run 4624 --- 1 raw files found. 18.814 GB of associated raw data. submitted
Run 4625 --- 1 raw files found. .022 GB of associated raw data. submitted
Run 4626 --- 1 raw files found. .179 GB of associated raw data. submitted
Run 4627 --- 1 raw files found. .378 GB of associated raw data. submitted
Run 4628 --- 1 raw files found. .078 GB of associated raw data. submitted
Run 4629 --- 1 raw files found. .008 GB of associated raw data. submitted
Run 4630 --- 1 raw files found. .010 GB of associated raw data. submitted
Run 4631 --- 1 raw files found. .018 GB of associated raw data. submitted
Run 4632 --- 1 raw files found. .026 GB of associated raw data. submitted
Run 4633 --- 1 raw files found. .413 GB of associated raw data. submitted
Run 4634 --- 1 raw files found. .183 GB of associated raw data. submitted
Run 4635 --- 1 raw files found. less than 1 MB associated raw data.. skipped
Run 4636 --- 1 raw files found. less than 1 MB associated raw data.. skipped
Run 4637 --- 1 raw files found. .049 GB of associated raw data. submitted
Run 4638 --- 1 raw files found. .415 GB of associated raw data. submitted
Run 4639 --- 1 raw files found. .165 GB of associated raw data. submitted
Run 4640 --- 1 raw files found. .598 GB of associated raw data. submitted
Run 4641 --- 1 raw files found. .175 GB of associated raw data. submitted
Run 4642 --- 1 raw files found. 2.597 GB of associated raw data. submitted
Run 4643 --- 1 raw files found. 2.008 GB of associated raw data. submitted
Run 4644 --- 1 raw files found. 1.021 GB of associated raw data. submitted
Run 4645 --- 1 raw files found. .029 GB of associated raw data. submitted
Run 4646 --- 1 raw files found. 1.710 GB of associated raw data. submitted
Run 4647 --- 1 raw files found. 3.045 GB of associated raw data. submitted
Run 4648 --- 1 raw files found. 3.368 GB of associated raw data. submitted
Run 4649 --- 1 raw files found. 1.769 GB of associated raw data. submitted
Run 4650 --- 1 raw files found. 3.041 GB of associated raw data. submitted
Run 4651 --- 1 raw files found. 9.822 GB of associated raw data. submitted
Run 4652 --- 1 raw files found. 9.381 GB of associated raw data. submitted
Run 4653 --- 1 raw files found. 9.554 GB of associated raw data. submitted
Run 4654 --- 1 raw files found. 9.542 GB of associated raw data. submitted
Run 4655 --- 1 raw files found. .732 GB of associated raw data. submitted
Run 4656 --- 1 raw files found. .773 GB of associated raw data. submitted
Run 4657 --- 1 raw files found. .919 GB of associated raw data. submitted
Run 4658 --- 1 raw files found. .373 GB of associated raw data. submitted
Run 4659 --- 1 raw files found. 8.666 GB of associated raw data. submitted
Run 4660 --- 1 raw files found. 9.613 GB of associated raw data. submitted
Run 4661 --- 1 raw files found. 1.309 GB of associated raw data. submitted
Run 4662 --- 1 raw files found. 6.564 GB of associated raw data. submitted
Run 4663 --- 1 raw files found. 1.469 GB of associated raw data. submitted
Run 4664 --- 1 raw files found. 2.119 GB of associated raw data. submitted
Run 4665 --- 1 raw files found. 5.921 GB of associated raw data. submitted
Run 4666 --- 1 raw files found. 10.214 GB of associated raw data. submitted
Run 4667 --- 1 raw files found. 10.564 GB of associated raw data. submitted
Run 4668 --- 1 raw files found. 3.719 GB of associated raw data. submitted
Run 4669 --- 1 raw files found. 17.359 GB of associated raw data. submitted
Run 4670 --- 1 raw files found. 10.361 GB of associated raw data. submitted
Run 4671 --- 1 raw files found. 10.141 GB of associated raw data. submitted
Run 4672 --- 1 raw files found. 10.152 GB of associated raw data. submitted
Run 4673 --- 1 raw files found. 10.170 GB of associated raw data. submitted
Run 4674 --- 1 raw files found. 10.281 GB of associated raw data. submitted
Run 4675 --- 1 raw files found. 10.258 GB of associated raw data. submitted
Run 4676 --- 1 raw files found. 10.133 GB of associated raw data. submitted
Run 4677 --- 1 raw files found. 10.119 GB of associated raw data. submitted
Run 4678 --- 1 raw files found. 9.540 GB of associated raw data. submitted
Run 4679 --- 1 raw files found. 10.451 GB of associated raw data. submitted
Run 4680 --- 1 raw files found. 10.286 GB of associated raw data. submitted
Run 4681 --- 1 raw files found. 10.172 GB of associated raw data. submitted
Run 4682 --- 1 raw files found. 10.144 GB of associated raw data. submitted
Run 4683 --- 1 raw files found. 10.916 GB of associated raw data. submitted
Run 4684 --- 1 raw files found. 10.168 GB of associated raw data. submitted
Run 4685 --- 1 raw files found. 11.000 GB of associated raw data. submitted
Run 4686 --- 1 raw files found. 8.147 GB of associated raw data. submitted
Run 4687 --- 1 raw files found. 10.947 GB of associated raw data. submitted
Run 4688 --- 1 raw files found. 13.529 GB of associated raw data. submitted
Run 4689 --- 1 raw files found. 10.386 GB of associated raw data. submitted
Run 4690 --- 1 raw files found. 11.082 GB of associated raw data. submitted
Run 4691 --- 1 raw files found. 10.755 GB of associated raw data. submitted
Run 4692 --- 1 raw files found. 10.329 GB of associated raw data. submitted
Run 4693 --- 1 raw files found. 10.944 GB of associated raw data. submitted
Run 4694 --- 1 raw files found. 8.472 GB of associated raw data. submitted
Run 4695 --- 1 raw files found. 12.143 GB of associated raw data. submitted
Run 4696 --- 1 raw files found. 13.538 GB of associated raw data. submitted
Run 4697 --- 1 raw files found. 10.472 GB of associated raw data. submitted
Run 4698 --- 1 raw files found. 13.544 GB of associated raw data. submitted
Run 4699 --- 1 raw files found. 12.414 GB of associated raw data. submitted
Run 4700 --- 1 raw files found. 10.798 GB of associated raw data. submitted
Run 4701 --- 1 raw files found. 10.407 GB of associated raw data. submitted
Run 4702 --- 1 raw files found. 11.993 GB of associated raw data. submitted
Run 4703 --- 1 raw files found. 13.578 GB of associated raw data. submitted
Run 4704 --- 1 raw files found. 10.540 GB of associated raw data. submitted
Run 4705 --- 1 raw files found. 11.235 GB of associated raw data. submitted
Run 4706 --- 1 raw files found. 10.876 GB of associated raw data. submitted
Run 4707 --- 1 raw files found. 10.330 GB of associated raw data. submitted
Run 4708 --- 1 raw files found. 10.201 GB of associated raw data. submitted
Run 4709 --- 1 raw files found. 11.243 GB of associated raw data. submitted
Run 4710 --- 1 raw files found. 12.578 GB of associated raw data. submitted
Run 4711 --- 1 raw files found. 10.765 GB of associated raw data. submitted
Run 4712 --- 1 raw files found. 11.149 GB of associated raw data. submitted
Run 4713 --- 1 raw files found. 10.349 GB of associated raw data. submitted
Run 4714 --- 1 raw files found. 10.541 GB of associated raw data. submitted
Run 4715 --- 1 raw files found. 10.417 GB of associated raw data. submitted
Run 4716 --- 1 raw files found. 13.757 GB of associated raw data. submitted
Run 4717 --- 1 raw files found. 14.118 GB of associated raw data. submitted
Run 4718 --- 1 raw files found. 13.352 GB of associated raw data. submitted
Run 4719 --- 1 raw files found. 13.710 GB of associated raw data. submitted
Run 4720 --- 1 raw files found. 11.553 GB of associated raw data. submitted
Run 4721 --- 1 raw files found. .190 GB of associated raw data. submitted
Run 4722 --- 1 raw files found. .329 GB of associated raw data. submitted
Run 4723 --- 1 raw files found. .041 GB of associated raw data. submitted
Run 4724 --- 1 raw files found. 1.646 GB of associated raw data. submitted
Run 4725 --- 1 raw files found. 4.689 GB of associated raw data. submitted
Run 4726 --- 1 raw files found. 4.421 GB of associated raw data. submitted
Run 4727 --- 1 raw files found. 11.534 GB of associated raw data. submitted
Run 4728 --- 1 raw files found. 12.488 GB of associated raw data. submitted
Run 4729 --- 1 raw files found. 12.183 GB of associated raw data. submitted
Run 4730 --- 1 raw files found. 10.612 GB of associated raw data. submitted
Run 4731 --- 1 raw files found. 11.809 GB of associated raw data. submitted
Run 4732 --- 1 raw files found. 11.813 GB of associated raw data. submitted
Run 4733 --- 1 raw files found. 11.985 GB of associated raw data. submitted
Run 4734 --- 1 raw files found. 11.152 GB of associated raw data. submitted
Run 4735 --- 1 raw files found. 12.155 GB of associated raw data. submitted
Run 4736 --- 1 raw files found. 12.836 GB of associated raw data. submitted
Run 4737 --- 1 raw files found. 13.448 GB of associated raw data. submitted
Run 4738 --- 1 raw files found. 11.753 GB of associated raw data. submitted
Run 4739 --- 1 raw files found. 10.500 GB of associated raw data. submitted
Run 4740 --- 1 raw files found. 10.921 GB of associated raw data. submitted
Run 4741 --- 1 raw files found. 10.491 GB of associated raw data. submitted
Run 4742 --- 1 raw files found. 11.676 GB of associated raw data. submitted
Run 4743 --- 1 raw files found. 11.639 GB of associated raw data. submitted
Run 4744 --- 1 raw files found. 9.875 GB of associated raw data. submitted
Run 4745 --- 1 raw files found. 7.189 GB of associated raw data. submitted
Run 4746 --- 1 raw files found. 11.725 GB of associated raw data. submitted
Run 4747 --- 1 raw files found. 12.482 GB of associated raw data. submitted
Run 4748 --- 1 raw files found. 10.188 GB of associated raw data. submitted
Run 4749 --- 1 raw files found. 11.431 GB of associated raw data. submitted
Run 4750 --- 1 raw files found. 10.977 GB of associated raw data. submitted
Run 4751 --- 1 raw files found. 10.650 GB of associated raw data. submitted
Run 4752 --- 1 raw files found. 11.881 GB of associated raw data. submitted
Run 4753 --- 1 raw files found. 10.949 GB of associated raw data. submitted
Run 4754 --- 1 raw files found. 10.691 GB of associated raw data. submitted
Run 4755 --- 1 raw files found. 11.194 GB of associated raw data. submitted
Run 4756 --- 1 raw files found. 10.538 GB of associated raw data. submitted
Run 4757 --- 1 raw files found. 10.611 GB of associated raw data. submitted
Run 4758 --- 1 raw files found. 10.355 GB of associated raw data. submitted
Run 4759 --- 1 raw files found. 10.553 GB of associated raw data. submitted
Run 4760 --- 1 raw files found. 11.800 GB of associated raw data. submitted
Run 4761 --- 1 raw files found. 10.981 GB of associated raw data. submitted
Run 4762 --- 1 raw files found. 11.331 GB of associated raw data. submitted
Run 4763 --- 1 raw files found. 11.411 GB of associated raw data. submitted
Run 4764 --- 1 raw files found. 5.630 GB of associated raw data. submitted
Run 4765 --- no raw files. skipped
Run 4766 --- 1 raw files found. 3.049 GB of associated raw data. submitted
Run 4767 --- 1 raw files found. 3.060 GB of associated raw data. submitted
Run 4768 --- 1 raw files found. 3.024 GB of associated raw data. submitted
Run 4769 --- 1 raw files found. 3.027 GB of associated raw data. submitted
Run 4770 --- 1 raw files found. .943 GB of associated raw data. submitted
Run 4771 --- 1 raw files found. 9.450 GB of associated raw data. submitted
Run 4772 --- 1 raw files found. 9.430 GB of associated raw data. submitted
Run 4773 --- 1 raw files found. 9.632 GB of associated raw data. submitted
Run 4774 --- 1 raw files found. 9.156 GB of associated raw data. submitted
Run 4775 --- 1 raw files found. 3.008 GB of associated raw data. submitted
Run 4776 --- 1 raw files found. 2.537 GB of associated raw data. submitted
Run 4777 --- 1 raw files found. .454 GB of associated raw data. submitted
Run 4778 --- 1 raw files found. .398 GB of associated raw data. submitted
Run 4779 --- 1 raw files found. 2.130 GB of associated raw data. submitted
Run 4780 --- 1 raw files found. 5.431 GB of associated raw data. submitted
Run 4781 --- 1 raw files found. 10.716 GB of associated raw data. submitted
Run 4782 --- 1 raw files found. 10.505 GB of associated raw data. submitted
Run 4783 --- 1 raw files found. 12.975 GB of associated raw data. submitted
Run 4784 --- 1 raw files found. 10.774 GB of associated raw data. submitted
Run 4785 --- 1 raw files found. 10.923 GB of associated raw data. submitted
Run 4786 --- 1 raw files found. 12.531 GB of associated raw data. submitted
Run 4787 --- 1 raw files found. 10.994 GB of associated raw data. submitted
Run 4788 --- 1 raw files found. 10.736 GB of associated raw data. submitted
Run 4789 --- 1 raw files found. 10.777 GB of associated raw data. submitted
Run 4790 --- 1 raw files found. 10.516 GB of associated raw data. submitted
Run 4791 --- 1 raw files found. 12.355 GB of associated raw data. submitted
Run 4792 --- 1 raw files found. 12.809 GB of associated raw data. submitted
Run 4793 --- 1 raw files found. 10.986 GB of associated raw data. submitted
Run 4794 --- 1 raw files found. 11.311 GB of associated raw data. submitted
Run 4795 --- 1 raw files found. 11.350 GB of associated raw data. submitted
Run 4796 --- 1 raw files found. 12.965 GB of associated raw data. submitted
Run 4797 --- 1 raw files found. 11.992 GB of associated raw data. submitted
Run 4798 --- 1 raw files found. 9.635 GB of associated raw data. submitted
Run 4799 --- 1 raw files found. 13.048 GB of associated raw data. submitted
Run 4800 --- 1 raw files found. 11.932 GB of associated raw data. submitted
Run 4801 --- 1 raw files found. 8.244 GB of associated raw data. submitted
Run 4802 --- 1 raw files found. 11.266 GB of associated raw data. submitted
Run 4803 --- 1 raw files found. 11.104 GB of associated raw data. submitted
Run 4804 --- 1 raw files found. 10.593 GB of associated raw data. submitted
Run 4805 --- 1 raw files found. 10.634 GB of associated raw data. submitted
Run 4806 --- 1 raw files found. 10.366 GB of associated raw data. submitted
Run 4807 --- 1 raw files found. 10.652 GB of associated raw data. submitted
Run 4808 --- 1 raw files found. 10.677 GB of associated raw data. submitted
Run 4809 --- 8 raw files found. 11.049 GB of associated raw data. submitted
Run 4810 --- 8 raw files found. 10.370 GB of associated raw data. submitted
Run 4811 --- 8 raw files found. 10.439 GB of associated raw data. submitted
Run 4812 --- 8 raw files found. 10.471 GB of associated raw data. submitted
Run 4813 --- 8 raw files found. 10.591 GB of associated raw data. submitted
Run 4814 --- 8 raw files found. 10.501 GB of associated raw data. submitted
Run 4815 --- 8 raw files found. 10.428 GB of associated raw data. submitted
Run 4816 --- 8 raw files found. 10.418 GB of associated raw data. submitted
Run 4817 --- 8 raw files found. 10.401 GB of associated raw data. submitted
Run 4818 --- 8 raw files found. 10.359 GB of associated raw data. submitted
Run 4819 --- 8 raw files found. 10.401 GB of associated raw data. submitted
Run 4820 --- 8 raw files found. 10.913 GB of associated raw data. submitted
Run 4821 --- 8 raw files found. 10.386 GB of associated raw data. submitted
Run 4822 --- 8 raw files found. 10.514 GB of associated raw data. submitted
Run 4823 --- 8 raw files found. 10.465 GB of associated raw data. submitted
Run 4824 --- 8 raw files found. 10.724 GB of associated raw data. submitted
Run 4825 --- 15 raw files found. 20.717 GB of associated raw data. submitted
Run 4826 --- 15 raw files found. 20.732 GB of associated raw data. submitted
Run 4827 --- 15 raw files found. 20.820 GB of associated raw data. submitted
Run 4828 --- 15 raw files found. 20.908 GB of associated raw data. submitted
Run 4829 --- 15 raw files found. 20.828 GB of associated raw data. submitted
Run 4830 --- 15 raw files found. 21.027 GB of associated raw data. submitted
Run 4831 --- 15 raw files found. 20.752 GB of associated raw data. submitted
Run 4832 --- 15 raw files found. 21.100 GB of associated raw data. submitted
Run 4833 --- 15 raw files found. 20.890 GB of associated raw data. submitted
Run 4834 --- 15 raw files found. 20.969 GB of associated raw data. submitted
Run 4835 --- 16 raw files found. 21.723 GB of associated raw data. submitted
Run 4836 --- 1 raw files found. .758 GB of associated raw data. submitted
Run 4837 --- 15 raw files found. 21.638 GB of associated raw data. submitted
Run 4838 --- 15 raw files found. 20.780 GB of associated raw data. submitted
Run 4839 --- 15 raw files found. 21.414 GB of associated raw data. submitted
Run 4840 --- 16 raw files found. 21.934 GB of associated raw data. submitted
Run 4841 --- 15 raw files found. 21.174 GB of associated raw data. submitted
Run 4842 --- 16 raw files found. 22.446 GB of associated raw data. submitted
Run 4843 --- 16 raw files found. 22.142 GB of associated raw data. submitted
Run 4844 --- 16 raw files found. 21.727 GB of associated raw data. submitted
Run 4845 --- 16 raw files found. 21.554 GB of associated raw data. submitted
Run 4846 --- 15 raw files found. 20.817 GB of associated raw data. submitted
Run 4847 --- 15 raw files found. 20.862 GB of associated raw data. submitted
Run 4848 --- 16 raw files found. 22.419 GB of associated raw data. submitted
Run 4849 --- 15 raw files found. 21.121 GB of associated raw data. submitted
Run 4850 --- 15 raw files found. 21.205 GB of associated raw data. submitted
Run 4851 --- 16 raw files found. 21.945 GB of associated raw data. submitted
Run 4852 --- 15 raw files found. 21.457 GB of associated raw data. submitted
Run 4853 --- 15 raw files found. 21.102 GB of associated raw data. submitted
Run 4854 --- 16 raw files found. 22.218 GB of associated raw data. submitted
Run 4855 --- 15 raw files found. 20.991 GB of associated raw data. submitted
Run 4856 --- 16 raw files found. 21.806 GB of associated raw data. submitted
Run 4857 --- 16 raw files found. 21.652 GB of associated raw data. submitted
Run 4858 --- 16 raw files found. 22.528 GB of associated raw data. submitted
Run 4859 --- 16 raw files found. 21.467 GB of associated raw data. submitted
Run 4860 --- 16 raw files found. 21.452 GB of associated raw data. submitted
Run 4861 --- 15 raw files found. 21.099 GB of associated raw data. submitted
Run 4862 --- 16 raw files found. 21.492 GB of associated raw data. submitted
Run 4863 --- 16 raw files found. 21.966 GB of associated raw data. submitted
Run 4864 --- 15 raw files found. 21.180 GB of associated raw data. submitted
Run 4865 --- 16 raw files found. 21.481 GB of associated raw data. submitted
Run 4866 --- 15 raw files found. 21.205 GB of associated raw data. submitted
Run 4867 --- 17 raw files found. 24.169 GB of associated raw data. submitted
Run 4868 --- 17 raw files found. 22.973 GB of associated raw data. submitted
Run 4869 --- 15 raw files found. 21.017 GB of associated raw data. submitted
Run 4870 --- 13 raw files found. 17.478 GB of associated raw data. submitted
Run 4871 --- 15 raw files found. 21.227 GB of associated raw data. submitted
Run 4872 --- 17 raw files found. 24.108 GB of associated raw data. submitted
Run 4873 --- 15 raw files found. 21.186 GB of associated raw data. submitted
Run 4874 --- 15 raw files found. 21.293 GB of associated raw data. submitted
Run 4875 --- 2 raw files found. 2.596 GB of associated raw data. submitted
Run 4876 --- 18 raw files found. 25.611 GB of associated raw data. submitted
Run 4877 --- 15 raw files found. 21.316 GB of associated raw data. submitted
Run 4878 --- 15 raw files found. 20.651 GB of associated raw data. submitted
Run 4879 --- 15 raw files found. 20.913 GB of associated raw data. submitted
Run 4880 --- 15 raw files found. 20.713 GB of associated raw data. submitted
Run 4881 --- 15 raw files found. 20.694 GB of associated raw data. submitted
Run 4882 --- 15 raw files found. 20.875 GB of associated raw data. submitted
Run 4883 --- 4 raw files found. 5.687 GB of associated raw data. submitted
Run 4884 --- 6 raw files found. 7.490 GB of associated raw data. submitted
Run 4885 --- 1 raw files found. .102 GB of associated raw data. submitted
Run 4886 --- 3 raw files found. 3.417 GB of associated raw data. submitted
Run 4887 --- 11 raw files found. 14.743 GB of associated raw data. submitted
Run 4888 --- 1 raw files found. .430 GB of associated raw data. submitted
Run 4889 --- 15 raw files found. 21.148 GB of associated raw data. submitted
Run 4890 --- 7 raw files found. 9.152 GB of associated raw data. submitted
Run 4891 --- 7 raw files found. 9.244 GB of associated raw data. submitted
Run 4892 --- 10 raw files found. 12.918 GB of associated raw data. submitted
Run 4893 --- 15 raw files found. 21.379 GB of associated raw data. submitted
Run 4894 --- 15 raw files found. 20.653 GB of associated raw data. submitted
Run 4895 --- 15 raw files found. 20.709 GB of associated raw data. submitted
Run 4896 --- 15 raw files found. 20.867 GB of associated raw data. submitted
Run 4897 --- 15 raw files found. 20.861 GB of associated raw data. submitted
Run 4898 --- 15 raw files found. 20.798 GB of associated raw data. submitted
Run 4899 --- 15 raw files found. 20.850 GB of associated raw data. submitted
Run 4900 --- 16 raw files found. 22.109 GB of associated raw data. submitted
Run 4901 --- 15 raw files found. 21.192 GB of associated raw data. submitted
Run 4902 --- 15 raw files found. 20.941 GB of associated raw data. submitted
Run 4903 --- 16 raw files found. 21.782 GB of associated raw data. submitted
Run 4904 --- 15 raw files found. 21.271 GB of associated raw data. submitted
Run 4905 --- 16 raw files found. 21.968 GB of associated raw data. submitted
Run 4906 --- 16 raw files found. 21.589 GB of associated raw data. submitted
Run 4907 --- 15 raw files found. 20.981 GB of associated raw data. submitted
Run 4908 --- 16 raw files found. 21.672 GB of associated raw data. submitted
Run 4909 --- 15 raw files found. 20.994 GB of associated raw data. submitted
Run 4910 --- 15 raw files found. 20.936 GB of associated raw data. submitted
Run 4911 --- 7 raw files found. 8.886 GB of associated raw data. submitted
Run 4912 --- 15 raw files found. 21.094 GB of associated raw data. submitted
Run 4913 --- 15 raw files found. 20.977 GB of associated raw data. submitted
Run 4914 --- 11 raw files found. 15.633 GB of associated raw data. submitted
Run 4915 --- 14 raw files found. 18.732 GB of associated raw data. submitted
Run 4916 --- 12 raw files found. 17.096 GB of associated raw data. submitted
Run 4917 --- 7 raw files found. 9.358 GB of associated raw data. submitted
Run 4918 --- 16 raw files found. 21.521 GB of associated raw data. submitted
Run 4919 --- 16 raw files found. 21.476 GB of associated raw data. submitted
Run 4920 --- 8 raw files found. 11.572 GB of associated raw data. submitted
Run 4921 --- 16 raw files found. 21.595 GB of associated raw data. submitted
Run 4922 --- 6 raw files found. 7.783 GB of associated raw data. submitted
Run 4923 --- 8 raw files found. 11.320 GB of associated raw data. submitted
Run 4924 --- 20 raw files found. 28.872 GB of associated raw data. submitted
Run 4925 --- 20 raw files found. 29.205 GB of associated raw data. submitted
Run 4926 --- 20 raw files found. 29.269 GB of associated raw data. submitted
Run 4927 --- 22 raw files found. 31.463 GB of associated raw data. submitted
Run 4928 --- 20 raw files found. 28.843 GB of associated raw data. submitted
Run 4929 --- 22 raw files found. 31.282 GB of associated raw data. submitted
Run 4930 --- 21 raw files found. 30.727 GB of associated raw data. submitted
Run 4931 --- 24 raw files found. 34.374 GB of associated raw data. submitted
Run 4932 --- 20 raw files found. 29.237 GB of associated raw data. submitted
Run 4933 --- 21 raw files found. 29.676 GB of associated raw data. submitted
Run 4934 --- 20 raw files found. 29.068 GB of associated raw data. submitted
Run 4935 --- 20 raw files found. 29.253 GB of associated raw data. submitted
Run 4936 --- 21 raw files found. 29.881 GB of associated raw data. submitted
Run 4937 --- 20 raw files found. 29.318 GB of associated raw data. submitted
Run 4938 --- 20 raw files found. 29.264 GB of associated raw data. submitted
Run 4939 --- 21 raw files found. 29.924 GB of associated raw data. submitted
Run 4940 --- 22 raw files found. 31.884 GB of associated raw data. submitted
Run 4941 --- 20 raw files found. 29.270 GB of associated raw data. submitted
Run 4942 --- 20 raw files found. 29.221 GB of associated raw data. submitted
Run 4943 --- 18 raw files found. 25.286 GB of associated raw data. submitted
Run 4944 --- 21 raw files found. 29.647 GB of associated raw data. submitted
Run 4945 --- 20 raw files found. 28.890 GB of associated raw data. submitted
Run 4946 --- 21 raw files found. 30.215 GB of associated raw data. submitted
Run 4947 --- 22 raw files found. 32.125 GB of associated raw data. submitted
Run 4948 --- 21 raw files found. 30.438 GB of associated raw data. submitted
Run 4949 --- 22 raw files found. 32.292 GB of associated raw data. submitted
Run 4950 --- 24 raw files found. 33.862 GB of associated raw data. submitted
Run 4951 --- 23 raw files found. 33.165 GB of associated raw data. submitted
Run 4952 --- 23 raw files found. 32.698 GB of associated raw data. submitted
Run 4953 --- 33 raw files found. 48.089 GB of associated raw data. submitted
Run 4954 --- 20 raw files found. 29.127 GB of associated raw data. submitted
Run 4955 --- 20 raw files found. 28.225 GB of associated raw data. submitted
Run 4956 --- 23 raw files found. 32.984 GB of associated raw data. submitted
Run 4957 --- 22 raw files found. 32.300 GB of associated raw data. submitted
Run 4958 --- 20 raw files found. 28.836 GB of associated raw data. submitted
Run 4959 --- 20 raw files found. 28.992 GB of associated raw data. submitted
Run 4960 --- 21 raw files found. 29.827 GB of associated raw data. submitted
Run 4961 --- 20 raw files found. 28.683 GB of associated raw data. submitted
Run 4962 --- 22 raw files found. 31.730 GB of associated raw data. submitted
Run 4963 --- 21 raw files found. 30.364 GB of associated raw data. submitted
Run 4964 --- 20 raw files found. 28.127 GB of associated raw data. submitted
Run 4965 --- 12 raw files found. 16.096 GB of associated raw data. submitted
Run 4966 --- 1 raw files found. less than 1 MB associated raw data.. skipped
Run 4967 --- 1 raw files found. .242 GB of associated raw data. submitted
Run 4968 --- 1 raw files found. .060 GB of associated raw data. submitted
Run 4969 --- 1 raw files found. .755 GB of associated raw data. submitted
Run 4970 --- 1 raw files found. .194 GB of associated raw data. submitted
Run 4971 --- 1 raw files found. .394 GB of associated raw data. submitted
Run 4972 --- 1 raw files found. .056 GB of associated raw data. submitted
Run 4973 --- 1 raw files found. .032 GB of associated raw data. submitted
Run 4974 --- 1 raw files found. .072 GB of associated raw data. submitted
Run 4975 --- 1 raw files found. .076 GB of associated raw data. submitted
Run 4976 --- 19 raw files found. 27.765 GB of associated raw data. submitted
Run 4977 --- 26 raw files found. 37.015 GB of associated raw data. submitted
Run 4978 --- 22 raw files found. 31.562 GB of associated raw data. submitted
Run 4979 --- 21 raw files found. 29.677 GB of associated raw data. submitted
Run 4980 --- 22 raw files found. 31.418 GB of associated raw data. submitted
Run 4981 --- 23 raw files found. 32.567 GB of associated raw data. submitted
Run 4982 --- 20 raw files found. 29.072 GB of associated raw data. submitted
Run 4983 --- 21 raw files found. 30.127 GB of associated raw data. submitted
Run 4984 --- 25 raw files found. 36.612 GB of associated raw data. submitted
Run 4985 --- 26 raw files found. 37.723 GB of associated raw data. submitted
Run 4986 --- 20 raw files found. 28.826 GB of associated raw data. submitted
Run 4987 --- 32 raw files found. 45.817 GB of associated raw data. submitted
Run 4988 --- 22 raw files found. 31.190 GB of associated raw data. submitted
Run 4989 --- 21 raw files found. 30.042 GB of associated raw data. submitted
Run 4990 --- 24 raw files found. 35.118 GB of associated raw data. submitted
Run 4991 --- 22 raw files found. 31.071 GB of associated raw data. submitted
Run 4992 --- 22 raw files found. 32.316 GB of associated raw data. submitted
Run 4993 --- 20 raw files found. 29.198 GB of associated raw data. submitted
Run 4994 --- 21 raw files found. 29.622 GB of associated raw data. submitted
Run 4995 --- 23 raw files found. 33.282 GB of associated raw data. submitted
Run 4996 --- 20 raw files found. 29.271 GB of associated raw data. submitted
Run 4997 --- 20 raw files found. 27.963 GB of associated raw data. submitted
Run 4998 --- 16 raw files found. 22.218 GB of associated raw data. submitted
Run 4999 --- 1 raw files found. less than 1 MB associated raw data.. skipped
Run 5000 --- 1 raw files found. .011 GB of associated raw data. submitted
Run 5001 --- 1 raw files found. .525 GB of associated raw data. submitted
Run 5002 --- 1 raw files found. .037 GB of associated raw data. submitted
Run 5003 --- 1 raw files found. .009 GB of associated raw data. submitted
Run 5004 --- 19 raw files found. 26.720 GB of associated raw data. submitted
Run 5005 --- 1 raw files found. less than 1 MB associated raw data.. skipped
Run 5006 --- 13 raw files found. 19.035 GB of associated raw data. submitted
Run 5007 --- no raw files. skipped
Run 5008 --- no raw files. skipped
Run 5009 --- no raw files. skipped
Run 5010 --- no raw files. skipped
Submitted batch job 2510858
cmd: 'sbatch  --partition=production --array=5006,5004,5003,5002,5001,5000,4998,4997,4996,4995,4994,4993,4992,4991,4990,4989,4988,4987,4986,4985,4984,4983,4982,4981,4980,4979,4978,4977,4976,4975,4974,4973,4972,4971,4970,4969,4968,4967,4965,4964,4963,4962,4961,4960,4959,4958,4957,4956,4955,4954,4953,4952,4951,4950,4949,4948,4947,4946,4945,4944,4943,4942,4941,4940,4939,4938,4937,4936,4935,4934,4933,4932,4931,4930,4929,4928,4927,4926,4925,4924,4923,4922,4921,4920,4919,4918,4917,4916,4915,4914,4913,4912,4911,4910,4909,4908,4907,4906,4905,4904,4903,4902,4901,4900,4899,4898,4897,4896,4895,4894,4893,4892,4891,4890,4889,4888,4887,4886,4885,4884,4883,4882,4881,4880,4879,4878,4877,4876,4875,4874,4873,4872,4871,4870,4869,4868,4867,4866,4865,4864,4863,4862,4861,4860,4859,4858,4857,4856,4855,4854,4853,4852,4851,4850,4849,4848,4847,4846,4845,4844,4843,4842,4841,4840,4839,4838,4837,4836,4835,4834,4833,4832,4831,4830,4829,4828,4827,4826,4825,4824,4823,4822,4821,4820,4819,4818,4817,4816,4815,4814,4813,4812,4811,4810,4809,4808,4807,4806,4805,4804,4803,4802,4801,4800,4799,4798,4797,4796,4795,4794,4793,4792,4791,4790,4789,4788,4787,4786,4785,4784,4783,4782,4781,4780,4779,4778,4777,4776,4775,4774,4773,4772,4771,4770,4769,4768,4767,4766,4764,4763,4762,4761,4760,4759,4758,4757,4756,4755,4754,4753,4752,4751,4750,4749,4748,4747,4746,4745,4744,4743,4742,4741,4740,4739,4738,4737,4736,4735,4734,4733,4732,4731,4730,4729,4728,4727,4726,4725,4724,4723,4722,4721,4720,4719,4718,4717,4716,4715,4714,4713,4712,4711,4710,4709,4708,4707,4706,4705,4704,4703,4702,4701,4700,4699,4698,4697,4696,4695,4694,4693,4692,4691,4690,4689,4688,4687,4686,4685,4684,4683,4682,4681,4680,4679,4678,4677,4676,4675,4674,4673,4672,4671,4670,4669,4668,4667,4666,4665,4664,4663,4662,4661,4660,4659,4658,4657,4656,4655,4654,4653,4652,4651,4650,4649,4648,4647,4646,4645,4644,4643,4642,4641,4640,4639,4638,4637,4634,4633,4632,4631,4630,4629,4628,4627,4626,4625,4624,4623,4622,4621,4620,4618,4617,4616,4615,4614,4613,4612,4611,4610,4609,4608,4607,4606,4605,4604,4603,4602,4601,4600,4599,4598,4595,4594,4584,4583,4582,4581,4580,4579,4578,4577,4576,4575,4574,4573,4572,4571,4570,4569,4568,4567,4566,4565,4564,4563,4562,4561,4560,4559,4558,4557,4556,4555,4554,4553,4552,4551,4550,4549,4548,4547,4546,4545,4544,4543,4542,4541,4540,4539,4538,4537,4536,4535,4534,4533,4532,4531,4530,4529,4528,4527,4526,4525,4524,4523,4522,4521,4520,4519,4518,4517,4516,4515,4514,4513,4512,4511,4510,4509,4508,4507,4506,4505,4504,4503,4502,4501 --time=240 --job-name=apex_replay_4501_5010 scripts/run-full-replay-array "/volatile/halla/apex/full_replay/production/replay"'
